Archive member included to satisfy reference by file (symbol)

/Applications/microchip/xc32/v4.35/bin/bin/../../lib/gcc/pic32mx/8.3.1/libgcc.a(_udivdi3.o)
                              build/default/production/_ext/1417409628/sys_tmr.o (__udivdi3)
/Applications/microchip/xc32/v4.35/bin/bin/../../lib/gcc/pic32mx/8.3.1/libgcc.a(floatunsisf.o)
                              build/default/production/mot.o (__floatunsisf)
/Applications/microchip/xc32/v4.35/bin/bin/../../lib/gcc/pic32mx/8.3.1/../../../../pic32mx/lib/libpic32.a(memcpy.o)
                              build/default/production/_ext/26143033/ipv4.o (memcpy)
/Applications/microchip/xc32/v4.35/bin/bin/../../lib/gcc/pic32mx/8.3.1/../../../../pic32mx/lib/libpic32.a(memset.o)
                              build/default/production/_ext/820865379/drv_encx24j600_api.o (memset)
/Applications/microchip/xc32/v4.35/bin/bin/../../lib/gcc/pic32mx/8.3.1/../../../../pic32mx/lib/libpic32.a(strcmp.o)
                              build/default/production/_ext/2001008086/sys_command.o (strcmp)
/Applications/microchip/xc32/v4.35/bin/bin/../../lib/gcc/pic32mx/8.3.1/../../../../pic32mx/lib/libpic32.a(strcpy.o)
                              build/default/production/_ext/2001008086/sys_command.o (strcpy)
/Applications/microchip/xc32/v4.35/bin/bin/../../lib/gcc/pic32mx/8.3.1/../../../../pic32mx/lib/libpic32.a(strlen.o)
                              build/default/production/_ext/1360937237/lcd.o (strlen)
/Applications/microchip/xc32/v4.35/bin/bin/../../lib/gcc/pic32mx/8.3.1/../../../../pic32mx/lib/libpic32.a(default-bootstrap-exception-handler.o)
                              /var/folders/09/w47srgq13wb32rfb0w4xkg_m0000gn/T//cckAPHg4.o (_bootstrap_exception_handler)
/Applications/microchip/xc32/v4.35/bin/bin/../../lib/gcc/pic32mx/8.3.1/../../../../pic32mx/lib/libpic32.a(default-on-reset.o)
                              /var/folders/09/w47srgq13wb32rfb0w4xkg_m0000gn/T//cckAPHg4.o (_on_reset)
/Applications/microchip/xc32/v4.35/bin/bin/../../lib/gcc/pic32mx/8.3.1/../../../../pic32mx/lib/libpic32.a(default-on-bootstrap.o)
                              /var/folders/09/w47srgq13wb32rfb0w4xkg_m0000gn/T//cckAPHg4.o (_on_bootstrap)
/Applications/microchip/xc32/v4.35/bin/bin/../../lib/gcc/pic32mx/8.3.1/../../../../pic32mx/lib/libpic32.a(default-nmi-handler.o)
                              /var/folders/09/w47srgq13wb32rfb0w4xkg_m0000gn/T//cckAPHg4.o (_nmi_handler)
/Applications/microchip/xc32/v4.35/bin/bin/../../lib/gcc/pic32mx/8.3.1/../../../../pic32mx/lib/libpic32.a(pic32_data_init_core.o)
                              /var/folders/09/w47srgq13wb32rfb0w4xkg_m0000gn/T//cckAPHg4.o (__pic32_data_init)
/Applications/microchip/xc32/v4.35/bin/bin/../../lib/gcc/pic32mx/8.3.1/../../../../pic32mx/lib/libpic32.a(general-exception.o)
                              /var/folders/09/w47srgq13wb32rfb0w4xkg_m0000gn/T//cckAPHg4.o (_general_exception_context)
/Applications/microchip/xc32/v4.35/bin/bin/../../lib/gcc/pic32mx/8.3.1/../../../../pic32mx/lib/libpic32.a(vector0.o)
                              /var/folders/09/w47srgq13wb32rfb0w4xkg_m0000gn/T//ccrjHZfu.o (__vector_dispatch_0)
/Applications/microchip/xc32/v4.35/bin/bin/../../lib/gcc/pic32mx/8.3.1/../../../../pic32mx/lib/libpic32.a(vector1.o)
                              /var/folders/09/w47srgq13wb32rfb0w4xkg_m0000gn/T//ccrjHZfu.o (__vector_dispatch_1)
/Applications/microchip/xc32/v4.35/bin/bin/../../lib/gcc/pic32mx/8.3.1/../../../../pic32mx/lib/libpic32.a(vector2.o)
                              /var/folders/09/w47srgq13wb32rfb0w4xkg_m0000gn/T//ccrjHZfu.o (__vector_dispatch_2)
/Applications/microchip/xc32/v4.35/bin/bin/../../lib/gcc/pic32mx/8.3.1/../../../../pic32mx/lib/libpic32.a(vector3.o)
                              /var/folders/09/w47srgq13wb32rfb0w4xkg_m0000gn/T//ccrjHZfu.o (__vector_dispatch_3)
/Applications/microchip/xc32/v4.35/bin/bin/../../lib/gcc/pic32mx/8.3.1/../../../../pic32mx/lib/libpic32.a(vector5.o)
                              /var/folders/09/w47srgq13wb32rfb0w4xkg_m0000gn/T//ccrjHZfu.o (__vector_dispatch_5)
/Applications/microchip/xc32/v4.35/bin/bin/../../lib/gcc/pic32mx/8.3.1/../../../../pic32mx/lib/libpic32.a(vector6.o)
                              /var/folders/09/w47srgq13wb32rfb0w4xkg_m0000gn/T//ccrjHZfu.o (__vector_dispatch_6)
/Applications/microchip/xc32/v4.35/bin/bin/../../lib/gcc/pic32mx/8.3.1/../../../../pic32mx/lib/libpic32.a(vector7.o)
                              /var/folders/09/w47srgq13wb32rfb0w4xkg_m0000gn/T//ccrjHZfu.o (__vector_dispatch_7)
/Applications/microchip/xc32/v4.35/bin/bin/../../lib/gcc/pic32mx/8.3.1/../../../../pic32mx/lib/libpic32.a(vector9.o)
                              /var/folders/09/w47srgq13wb32rfb0w4xkg_m0000gn/T//ccrjHZfu.o (__vector_dispatch_9)
/Applications/microchip/xc32/v4.35/bin/bin/../../lib/gcc/pic32mx/8.3.1/../../../../pic32mx/lib/libpic32.a(vector10.o)
                              /var/folders/09/w47srgq13wb32rfb0w4xkg_m0000gn/T//ccrjHZfu.o (__vector_dispatch_10)
[...]
Memory Configuration

Name             Origin             Length             Attributes
kseg0_program_mem 0x000000009d000000 0x0000000000080000 xr
kseg0_boot_mem   0x000000009fc00490 0x0000000000000970
exception_mem    0x000000009fc01000 0x0000000000001000
kseg1_boot_mem   0x00000000bfc00000 0x0000000000000490
debug_exec_mem   0x00000000bfc02000 0x0000000000000ff0
config3          0x00000000bfc02ff0 0x0000000000000004
config2          0x00000000bfc02ff4 0x0000000000000004
config1          0x00000000bfc02ff8 0x0000000000000004
config0          0x00000000bfc02ffc 0x0000000000000004
kseg1_data_mem   0x00000000a0000000 0x0000000000020000 w !x
sfrs             0x00000000bf800000 0x0000000000100000
configsfrs       0x00000000bfc02ff0 0x0000000000000010
*default*        0x0000000000000000 0xffffffffffffffff

Linker script and memory map

LOAD /Applications/microchip/xc32/v4.35/bin/bin/../../lib/gcc/pic32mx/8.3.1/../../../../pic32mx/lib/debug-exception-return.o
LOAD build/default/production/_ext/1360937237/led.o
LOAD build/default/production/_ext/1360937237/ssd.o
LOAD build/default/production/_ext/1360937237/i2c.o
LOAD build/default/production/_ext/1360937237/lcd.o
LOAD build/default/production/_ext/1360937237/swt.o
LOAD build/default/production/_ext/996065237/drv_encx24j600_spi_bus.o
LOAD build/default/production/_ext/1600828880/drv_encx24j600_closed_state.o
LOAD build/default/production/_ext/472602724/drv_encx24j600_initialization_state.o
LOAD build/default/production/_ext/472602724/drv_encx24j600_configure_state.o
LOAD build/default/production/_ext/472602724/drv_encx24j600_detect_state.o
LOAD build/default/production/_ext/472602724/drv_encx24j600_reset_state.o
LOAD build/default/production/_ext/1728422854/drv_encx24j600_tx_packet.o
LOAD build/default/production/_ext/1728422854/drv_encx24j600_rx_packet.o
LOAD build/default/production/_ext/999618079/drv_encx24j600_running_state.o
LOAD build/default/production/_ext/999618079/drv_encx24j600_change_duplex_state.o
LOAD build/default/production/_ext/999618079/drv_encx24j600_check_int_state.o
LOAD build/default/production/_ext/999618079/drv_encx24j600_check_status_state.o
LOAD build/default/production/_ext/999618079/drv_encx24j600_check_tx_status_state.o
LOAD build/default/production/_ext/999618079/drv_encx24j600_reset_rx_state.o
LOAD build/default/production/_ext/820865379/drv_encx24j600_api.o
LOAD build/default/production/_ext/820865379/drv_encx24j600_main_state.o
LOAD build/default/production/_ext/820865379/drv_encx24j600_utils.o
LOAD build/default/production/_ext/977502197/drv_spi_tasks.o
LOAD build/default/production/_ext/977502197/drv_spi_api.o
LOAD build/default/production/_ext/977502197/drv_spi_master_ebm_tasks.o
LOAD build/default/production/_ext/915312864/drv_spi.o
LOAD build/default/production/_ext/2077795248/drv_spi_sys_queue_fifo.o
LOAD build/default/production/_ext/1298913485/drv_tmr.o
LOAD build/default/production/_ext/327000265/drv_usart_mapping.o
LOAD build/default/production/_ext/327000265/drv_usart_static.o
LOAD build/default/production/_ext/327000265/drv_usart_static_buffer_queue.o
LOAD build/default/production/_ext/327000265/drv_usart_static_read_write.o
LOAD build/default/production/_ext/639803181/sys_clk_pic32mx.o
LOAD build/default/production/_ext/2001008086/sys_command.o
LOAD build/default/production/_ext/1544295906/sys_console.o
LOAD build/default/production/_ext/1544295906/sys_console_uart.o
LOAD build/default/production/_ext/340578644/sys_devcon.o
LOAD build/default/production/_ext/340578644/sys_devcon_pic32mx.o
LOAD build/default/production/_ext/1735427962/sys_int_pic32.o
LOAD build/default/production/_ext/822048611/sys_ports_static.o
LOAD build/default/production/_ext/327917790/sys_random.o
LOAD build/default/production/_ext/68765530/sys_reset.o
LOAD build/default/production/_ext/1417409628/sys_tmr.o
LOAD build/default/production/_ext/1881663949/helpers.o
LOAD build/default/production/_ext/26143033/ipv4.o
LOAD build/default/production/_ext/26143033/udp.o
LOAD build/default/production/_ext/26143033/tcpip_heap_alloc.o
LOAD build/default/production/_ext/26143033/tcpip_heap_internal.o
LOAD build/default/production/_ext/26143033/arp.o
LOAD build/default/production/_ext/26143033/dns.o
LOAD build/default/production/_ext/26143033/hash_fnv.o
LOAD build/default/production/_ext/26143033/oahash.o
LOAD build/default/production/_ext/26143033/tcpip_helpers.o
LOAD build/default/production/_ext/26143033/tcpip_helper_c32.o
LOAD build/default/production/_ext/26143033/tcpip_manager.o
LOAD build/default/production/_ext/26143033/tcpip_notify.o
LOAD build/default/production/_ext/26143033/tcpip_packet.o
LOAD build/default/production/_ext/1688732426/system_init.o
LOAD build/default/production/_ext/1688732426/system_interrupt.o
LOAD build/default/production/_ext/1688732426/system_tasks.o
LOAD build/default/production/_ext/1360937237/app_commands.o
LOAD build/default/production/_ext/1360937237/UDP_app.o
LOAD build/default/production/_ext/1360937237/main.o
LOAD build/default/production/adc.o
LOAD build/default/production/btn.o
LOAD build/default/production/mot.o
LOAD build/default/production/pmods.o
                0x0000000000000001                __MPLAB_BUILD = 0x1
                0x000000000000afa0                _min_heap_size = 0xafa0
LOAD /var/folders/09/w47srgq13wb32rfb0w4xkg_m0000gn/T//cckAPHg4.o
LOAD /var/folders/09/w47srgq13wb32rfb0w4xkg_m0000gn/T//ccbklyLr.o
LOAD /var/folders/09/w47srgq13wb32rfb0w4xkg_m0000gn/T//ccrjHZfu.o
LOAD /Applications/microchip/xc32/v4.35/bin/bin/../../lib/gcc/pic32mx/8.3.1/../../../../pic32mx/lib/pic32_software_reset.o
LOAD /Applications/microchip/xc32/v4.35/bin/bin/../../lib/gcc/pic32mx/8.3.1/libgcc.a
START GROUP
LOAD /Applications/microchip/xc32/v4.35/bin/bin/../../lib/gcc/pic32mx/8.3.1/../../../../pic32mx/lib/libpic32.a
LOAD /Applications/microchip/xc32/v4.35/bin/bin/../../lib/gcc/pic32mx/8.3.1/../../../../pic32mx/lib/libdebug.a
LOAD /Applications/microchip/xc32/v4.35/bin/bin/../../lib/gcc/pic32mx/8.3.1/../../../../pic32mx/lib/libc-musl.a
LOAD /Applications/microchip/xc32/v4.35/bin/bin/../../lib/gcc/pic32mx/8.3.1/../../../../pic32mx/lib/libm.a
LOAD /Applications/microchip/xc32/v4.35/bin/bin/../../lib/gcc/pic32mx/8.3.1/../../../../pic32mx/lib/libe.a
LOAD /Applications/microchip/xc32/v4.35/bin/bin/../../lib/gcc/pic32mx/8.3.1/../../../../pic32mx/lib/libm-musl.a
LOAD /Applications/microchip/xc32/v4.35/bin/bin/../../lib/gcc/pic32mx/8.3.1/../../../../pic32mx/lib/libdsp.a
LOAD /Applications/microchip/xc32/v4.35/bin/bin/../../lib/gcc/pic32mx/8.3.1/libgcc.a
END GROUP
LOAD /Applications/microchip/xc32/v4.35/bin/bin/../../lib/gcc/pic32mx/8.3.1/libgcc.a
                0x0000000000000400                PROVIDE (_min_stack_size = 0x400)
START GROUP
LOAD libmchp_peripheral.a
END GROUP
START GROUP
LOAD libmchp_peripheral_32MX370F512L.a
END GROUP
                0x0000000000000001                PROVIDE (_vector_spacing = 0x1)
                0x000000009fc01000                PROVIDE (_ebase_address = 0x9fc01000)
                0x00000000bfc00000                _RESET_ADDR = 0xbfc00000
                0x00000000bfc00380                _BEV_EXCPT_ADDR = 0xbfc00380
                0x00000000bfc00480                _DBG_EXCPT_ADDR = 0xbfc00480
                0x00000000bfc02000                _DBG_CODE_ADDR = 0xbfc02000
                0x0000000000000ff0                _DBG_CODE_SIZE = 0xff0
                0x000000009fc01180                _GEN_EXCPT_ADDR = (_ebase_address + 0x180)

.config_BFC02FF0
                0x00000000bfc02ff0        0x4
 *(.config_BFC02FF0)
 .config_BFC02FF0
                0x00000000bfc02ff0        0x4 build/default/production/_ext/1688732426/system_init.o
                0x00000000bfc02ff0                __config_BFC02FF0

.config_BFC02FF4
                0x00000000bfc02ff4        0x4
 *(.config_BFC02FF4)
 .config_BFC02FF4
                0x00000000bfc02ff4        0x4 build/default/production/_ext/1688732426/system_init.o
                0x00000000bfc02ff4                __config_BFC02FF4

.config_BFC02FF8
                0x00000000bfc02ff8        0x4
 *(.config_BFC02FF8)
 .config_BFC02FF8
                0x00000000bfc02ff8        0x4 build/default/production/_ext/1688732426/system_init.o
                0x00000000bfc02ff8                __config_BFC02FF8

.config_BFC02FFC
                0x00000000bfc02ffc        0x4
 *(.config_BFC02FFC)
 .config_BFC02FFC
                0x00000000bfc02ffc        0x4 build/default/production/_ext/1688732426/system_init.o
                0x00000000bfc02ffc                __config_BFC02FFC

.reset          0x00000000bfc00000      0x19c
 *(.reset)
 .reset         0x00000000bfc00000        0x8 /var/folders/09/w47srgq13wb32rfb0w4xkg_m0000gn/T//cckAPHg4.o
                0x00000000bfc00000                _reset
 *(.reset.startup)
 .reset.startup
                0x00000000bfc00008      0x194 /var/folders/09/w47srgq13wb32rfb0w4xkg_m0000gn/T//cckAPHg4.o
                0x00000000bfc00008                _startup

.bev_excpt      0x00000000bfc00380       0x10
 *(.bev_handler)
 .bev_handler   0x00000000bfc00380       0x10 /var/folders/09/w47srgq13wb32rfb0w4xkg_m0000gn/T//cckAPHg4.o

.dbg_excpt      0x00000000bfc00480        0x0
                0x00000000bfc00480                . = (. + DEFINED (_DEBUGGER)?0x8:0x0)

.dbg_code       0x00000000bfc02000        0x0
                0x00000000bfc02000                . = (. + DEFINED (_DEBUGGER)?_DBG_CODE_SIZE:0x0)

.app_excpt      0x000000009fc01180       0x10
 *(.gen_handler)
 .gen_handler   0x000000009fc01180       0x10 /var/folders/09/w47srgq13wb32rfb0w4xkg_m0000gn/T//cckAPHg4.o

.vector_0       0x000000009fc01200        0x8
 *(.vector_0)
 .vector_0      0x000000009fc01200        0x8 /Applications/microchip/xc32/v4.35/bin/bin/../../lib/gcc/pic32mx/8.3.1/../../../../pic32mx/lib/libpic32.a(vector0.o)
                0x000000009fc01200                __vector_dispatch_0
                0x0000000000000001                ASSERT (((_vector_spacing == 0x0) || (SIZEOF (.vector_0) <= (_vector_spacing << 0x5))), function at exception vector 0 too large)

.vector_1       0x000000009fc01220        0x8
 *(.vector_1)
 .vector_1      0x000000009fc01220        0x8 /Applications/microchip/xc32/v4.35/bin/bin/../../lib/gcc/pic32mx/8.3.1/../../../../pic32mx/lib/libpic32.a(vector1.o)
                0x000000009fc01220                __vector_dispatch_1
                0x0000000000000001                ASSERT (((_vector_spacing == 0x0) || (SIZEOF (.vector_1) <= (_vector_spacing << 0x5))), function at exception vector 1 too large)

.vector_2       0x000000009fc01240        0x8
 *(.vector_2)
 .vector_2      0x000000009fc01240        0x8 /Applications/microchip/xc32/v4.35/bin/bin/../../lib/gcc/pic32mx/8.3.1/../../../../pic32mx/lib/libpic32.a(vector2.o)
                0x000000009fc01240                __vector_dispatch_2
                0x0000000000000001                ASSERT (((_vector_spacing == 0x0) || (SIZEOF (.vector_2) <= (_vector_spacing << 0x5))), function at exception vector 2 too large)

.vector_3       0x000000009fc01260        0x8
 *(.vector_3)
 .vector_3      0x000000009fc01260        0x8 /Applications/microchip/xc32/v4.35/bin/bin/../../lib/gcc/pic32mx/8.3.1/../../../../pic32mx/lib/libpic32.a(vector3.o)
                0x000000009fc01260                __vector_dispatch_3
                0x0000000000000001                ASSERT (((_vector_spacing == 0x0) || (SIZEOF (.vector_3) <= (_vector_spacing << 0x5))), function at exception vector 3 too large)

.vector_4       0x000000009fc01280        0x8
 *(.vector_4)
 .vector_4      0x000000009fc01280        0x8 build/default/production/_ext/1688732426/system_interrupt.o
                0x000000009fc01280                __vector_dispatch_4
                0x0000000000000001                ASSERT (((_vector_spacing == 0x0) || (SIZEOF (.vector_4) <= (_vector_spacing << 0x5))), function at exception vector 4 too large)

.vector_5       0x000000009fc012a0        0x8
 *(.vector_5)
 .vector_5      0x000000009fc012a0        0x8 /Applications/microchip/xc32/v4.35/bin/bin/../../lib/gcc/pic32mx/8.3.1/../../../../pic32mx/lib/libpic32.a(vector5.o)
                0x000000009fc012a0                __vector_dispatch_5
                0x0000000000000001                ASSERT (((_vector_spacing == 0x0) || (SIZEOF (.vector_5) <= (_vector_spacing << 0x5))), function at exception vector 5 too large)

.vector_6       0x000000009fc012c0        0x8
 *(.vector_6)
 .vector_6      0x000000009fc012c0        0x8 /Applications/microchip/xc32/v4.35/bin/bin/../../lib/gcc/pic32mx/8.3.1/../../../../pic32mx/lib/libpic32.a(vector6.o)
                0x000000009fc012c0                __vector_dispatch_6
                0x0000000000000001                ASSERT (((_vector_spacing == 0x0) || (SIZEOF (.vector_6) <= (_vector_spacing << 0x5))), function at exception vector 6 too large)

.vector_7       0x000000009fc012e0        0x8
 *(.vector_7)
 .vector_7      0x000000009fc012e0        0x8 /Applications/microchip/xc32/v4.35/bin/bin/../../lib/gcc/pic32mx/8.3.1/../../../../pic32mx/lib/libpic32.a(vector7.o)
                0x000000009fc012e0                __vector_dispatch_7
                0x0000000000000001                ASSERT (((_vector_spacing == 0x0) || (SIZEOF (.vector_7) <= (_vector_spacing << 0x5))), function at exception vector 7 too large)

.vector_8       0x000000009fc01300        0x8
 *(.vector_8)
 .vector_8      0x000000009fc01300        0x8 build/default/production/_ext/1360937237/main.o
                0x000000009fc01300                __vector_dispatch_8
                0x0000000000000001                ASSERT (((_vector_spacing == 0x0) || (SIZEOF (.vector_8) <= (_vector_spacing << 0x5))), function at exception vector 8 too large)

.vector_9       0x000000009fc01320        0x8
 *(.vector_9)
 .vector_9      0x000000009fc01320        0x8 /Applications/microchip/xc32/v4.35/bin/bin/../../lib/gcc/pic32mx/8.3.1/../../../../pic32mx/lib/libpic32.a(vector9.o)
                0x000000009fc01320                __vector_dispatch_9
                0x0000000000000001                ASSERT (((_vector_spacing == 0x0) || (SIZEOF (.vector_9) <= (_vector_spacing << 0x5))), function at exception vector 9 too large)

.vector_10      0x000000009fc01340        0x8
 *(.vector_10)
 .vector_10     0x000000009fc01340        0x8 /Applications/microchip/xc32/v4.35/bin/bin/../../lib/gcc/pic32mx/8.3.1/../../../../pic32mx/lib/libpic32.a(vector10.o)
                0x000000009fc01340                __vector_dispatch_10
                0x0000000000000001                ASSERT (((_vector_spacing == 0x0) || (SIZEOF (.vector_10) <= (_vector_spacing << 0x5))), function at exception vector 10 too large)

.vector_11      0x000000009fc01360        0x8
 *(.vector_11)
 .vector_11     0x000000009fc01360        0x8 /Applications/microchip/xc32/v4.35/bin/bin/../../lib/gcc/pic32mx/8.3.1/../../../../pic32mx/lib/libpic32.a(vector11.o)
                0x000000009fc01360                __vector_dispatch_11
                0x0000000000000001                ASSERT (((_vector_spacing == 0x0) || (SIZEOF (.vector_11) <= (_vector_spacing << 0x5))), function at exception vector 11 too large)

.vector_12      0x000000009fc01380        0x8
 *(.vector_12)
 .vector_12     0x000000009fc01380        0x8 /Applications/microchip/xc32/v4.35/bin/bin/../../lib/gcc/pic32mx/8.3.1/../../../../pic32mx/lib/libpic32.a(vector12.o)
                0x000000009fc01380                __vector_dispatch_12
                0x0000000000000001                ASSERT (((_vector_spacing == 0x0) || (SIZEOF (.vector_12) <= (_vector_spacing << 0x5))), function at exception vector 12 too large)

.vector_13      0x000000009fc013a0        0x8
 *(.vector_13)
 .vector_13     0x000000009fc013a0        0x8 /Applications/microchip/xc32/v4.35/bin/bin/../../lib/gcc/pic32mx/8.3.1/../../../../pic32mx/lib/libpic32.a(vector13.o)
                0x000000009fc013a0                __vector_dispatch_13
                0x0000000000000001                ASSERT (((_vector_spacing == 0x0) || (SIZEOF (.vector_13) <= (_vector_spacing << 0x5))), function at exception vector 13 too large)

.vector_14      0x000000009fc013c0        0x8
 *(.vector_14)
 .vector_14     0x000000009fc013c0        0x8 /Applications/microchip/xc32/v4.35/bin/bin/../../lib/gcc/pic32mx/8.3.1/../../../../pic32mx/lib/libpic32.a(vector14.o)
                0x000000009fc013c0                __vector_dispatch_14
                0x0000000000000001                ASSERT (((_vector_spacing == 0x0) || (SIZEOF (.vector_14) <= (_vector_spacing << 0x5))), function at exception vector 14 too large)

.vector_15      0x000000009fc013e0        0x8
 *(.vector_15)
 .vector_15     0x000000009fc013e0        0x8 /Applications/microchip/xc32/v4.35/bin/bin/../../lib/gcc/pic32mx/8.3.1/../../../../pic32mx/lib/libpic32.a(vector15.o)
                0x000000009fc013e0                __vector_dispatch_15
                0x0000000000000001                ASSERT (((_vector_spacing == 0x0) || (SIZEOF (.vector_15) <= (_vector_spacing << 0x5))), function at exception vector 15 too large)

.vector_16      0x000000009fc01400        0x8
 *(.vector_16)
 .vector_16     0x000000009fc01400        0x8 build/default/production/_ext/1360937237/ssd.o
                0x000000009fc01400                __vector_dispatch_16
                0x0000000000000001                ASSERT (((_vector_spacing == 0x0) || (SIZEOF (.vector_16) <= (_vector_spacing << 0x5))), function at exception vector 16 too large)

.vector_17      0x000000009fc01420        0x8
 *(.vector_17)
 .vector_17     0x000000009fc01420        0x8 /Applications/microchip/xc32/v4.35/bin/bin/../../lib/gcc/pic32mx/8.3.1/../../../../pic32mx/lib/libpic32.a(vector17.o)
                0x000000009fc01420                __vector_dispatch_17
                0x0000000000000001                ASSERT (((_vector_spacing == 0x0) || (SIZEOF (.vector_17) <= (_vector_spacing << 0x5))), function at exception vector 17 too large)

.vector_18      0x000000009fc01440        0x8
 *(.vector_18)
 .vector_18     0x000000009fc01440        0x8 /Applications/microchip/xc32/v4.35/bin/bin/../../lib/gcc/pic32mx/8.3.1/../../../../pic32mx/lib/libpic32.a(vector18.o)
                0x000000009fc01440                __vector_dispatch_18
                0x0000000000000001                ASSERT (((_vector_spacing == 0x0) || (SIZEOF (.vector_18) <= (_vector_spacing << 0x5))), function at exception vector 18 too large)

.vector_19      0x000000009fc01460        0x8
 *(.vector_19)
 .vector_19     0x000000009fc01460        0x8 build/default/production/_ext/1688732426/system_interrupt.o
                0x000000009fc01460                __vector_dispatch_19
                0x0000000000000001                ASSERT (((_vector_spacing == 0x0) || (SIZEOF (.vector_19) <= (_vector_spacing << 0x5))), function at exception vector 19 too large)

.vector_20      0x000000009fc01480        0x8
 *(.vector_20)
 .vector_20     0x000000009fc01480        0x8 /Applications/microchip/xc32/v4.35/bin/bin/../../lib/gcc/pic32mx/8.3.1/../../../../pic32mx/lib/libpic32.a(vector20.o)
                0x000000009fc01480                __vector_dispatch_20
                0x0000000000000001                ASSERT (((_vector_spacing == 0x0) || (SIZEOF (.vector_20) <= (_vector_spacing << 0x5))), function at exception vector 20 too large)

.vector_21      0x000000009fc014a0        0x8
 *(.vector_21)
 .vector_21     0x000000009fc014a0        0x8 /Applications/microchip/xc32/v4.35/bin/bin/../../lib/gcc/pic32mx/8.3.1/../../../../pic32mx/lib/libpic32.a(vector21.o)
                0x000000009fc014a0                __vector_dispatch_21
                0x0000000000000001                ASSERT (((_vector_spacing == 0x0) || (SIZEOF (.vector_21) <= (_vector_spacing << 0x5))), function at exception vector 21 too large)

.vector_22      0x000000009fc014c0        0x8
 *(.vector_22)
 .vector_22     0x000000009fc014c0        0x8 /Applications/microchip/xc32/v4.35/bin/bin/../../lib/gcc/pic32mx/8.3.1/../../../../pic32mx/lib/libpic32.a(vector22.o)
                0x000000009fc014c0                __vector_dispatch_22
                0x0000000000000001                ASSERT (((_vector_spacing == 0x0) || (SIZEOF (.vector_22) <= (_vector_spacing << 0x5))), function at exception vector 22 too large)

.vector_23      0x000000009fc014e0        0x8
 *(.vector_23)
 .vector_23     0x000000009fc014e0        0x8 /Applications/microchip/xc32/v4.35/bin/bin/../../lib/gcc/pic32mx/8.3.1/../../../../pic32mx/lib/libpic32.a(vector23.o)
                0x000000009fc014e0                __vector_dispatch_23
                0x0000000000000001                ASSERT (((_vector_spacing == 0x0) || (SIZEOF (.vector_23) <= (_vector_spacing << 0x5))), function at exception vector 23 too large)

.vector_24      0x000000009fc01500        0x8
 *(.vector_24)
 .vector_24     0x000000009fc01500        0x8 /Applications/microchip/xc32/v4.35/bin/bin/../../lib/gcc/pic32mx/8.3.1/../../../../pic32mx/lib/libpic32.a(vector24.o)
                0x000000009fc01500                __vector_dispatch_24
                0x0000000000000001                ASSERT (((_vector_spacing == 0x0) || (SIZEOF (.vector_24) <= (_vector_spacing << 0x5))), function at exception vector 24 too large)

.vector_25      0x000000009fc01520        0x8
 *(.vector_25)
 .vector_25     0x000000009fc01520        0x8 /Applications/microchip/xc32/v4.35/bin/bin/../../lib/gcc/pic32mx/8.3.1/../../../../pic32mx/lib/libpic32.a(vector25.o)
                0x000000009fc01520                __vector_dispatch_25
                0x0000000000000001                ASSERT (((_vector_spacing == 0x0) || (SIZEOF (.vector_25) <= (_vector_spacing << 0x5))), function at exception vector 25 too large)

.vector_26      0x000000009fc01540        0x8
 *(.vector_26)
 .vector_26     0x000000009fc01540        0x8 /Applications/microchip/xc32/v4.35/bin/bin/../../lib/gcc/pic32mx/8.3.1/../../../../pic32mx/lib/libpic32.a(vector26.o)
                0x000000009fc01540                __vector_dispatch_26
                0x0000000000000001                ASSERT (((_vector_spacing == 0x0) || (SIZEOF (.vector_26) <= (_vector_spacing << 0x5))), function at exception vector 26 too large)

.vector_27      0x000000009fc01560        0x8
 *(.vector_27)
 .vector_27     0x000000009fc01560        0x8 /Applications/microchip/xc32/v4.35/bin/bin/../../lib/gcc/pic32mx/8.3.1/../../../../pic32mx/lib/libpic32.a(vector27.o)
                0x000000009fc01560                __vector_dispatch_27
                0x0000000000000001                ASSERT (((_vector_spacing == 0x0) || (SIZEOF (.vector_27) <= (_vector_spacing << 0x5))), function at exception vector 27 too large)

.vector_28      0x000000009fc01580        0x8
 *(.vector_28)
 .vector_28     0x000000009fc01580        0x8 /Applications/microchip/xc32/v4.35/bin/bin/../../lib/gcc/pic32mx/8.3.1/../../../../pic32mx/lib/libpic32.a(vector28.o)
                0x000000009fc01580                __vector_dispatch_28
                0x0000000000000001                ASSERT (((_vector_spacing == 0x0) || (SIZEOF (.vector_28) <= (_vector_spacing << 0x5))), function at exception vector 28 too large)

.vector_29      0x000000009fc015a0        0x8
 *(.vector_29)
 .vector_29     0x000000009fc015a0        0x8 /Applications/microchip/xc32/v4.35/bin/bin/../../lib/gcc/pic32mx/8.3.1/../../../../pic32mx/lib/libpic32.a(vector29.o)
                0x000000009fc015a0                __vector_dispatch_29
                0x0000000000000001                ASSERT (((_vector_spacing == 0x0) || (SIZEOF (.vector_29) <= (_vector_spacing << 0x5))), function at exception vector 29 too large)

.vector_30      0x000000009fc015c0        0x8
 *(.vector_30)
 .vector_30     0x000000009fc015c0        0x8 /Applications/microchip/xc32/v4.35/bin/bin/../../lib/gcc/pic32mx/8.3.1/../../../../pic32mx/lib/libpic32.a(vector30.o)
                0x000000009fc015c0                __vector_dispatch_30
                0x0000000000000001                ASSERT (((_vector_spacing == 0x0) || (SIZEOF (.vector_30) <= (_vector_spacing << 0x5))), function at exception vector 30 too large)

.vector_31      0x000000009fc015e0        0x8
 *(.vector_31)
 .vector_31     0x000000009fc015e0        0x8 /Applications/microchip/xc32/v4.35/bin/bin/../../lib/gcc/pic32mx/8.3.1/../../../../pic32mx/lib/libpic32.a(vector31.o)
                0x000000009fc015e0                __vector_dispatch_31
                0x0000000000000001                ASSERT (((_vector_spacing == 0x0) || (SIZEOF (.vector_31) <= (_vector_spacing << 0x5))), function at exception vector 31 too large)

.vector_32      0x000000009fc01600        0x8
 *(.vector_32)
 .vector_32     0x000000009fc01600        0x8 /Applications/microchip/xc32/v4.35/bin/bin/../../lib/gcc/pic32mx/8.3.1/../../../../pic32mx/lib/libpic32.a(vector32.o)
                0x000000009fc01600                __vector_dispatch_32
                0x0000000000000001                ASSERT (((_vector_spacing == 0x0) || (SIZEOF (.vector_32) <= (_vector_spacing << 0x5))), function at exception vector 32 too large)

.vector_33      0x000000009fc01620        0x8
 *(.vector_33)
 .vector_33     0x000000009fc01620        0x8 /Applications/microchip/xc32/v4.35/bin/bin/../../lib/gcc/pic32mx/8.3.1/../../../../pic32mx/lib/libpic32.a(vector33.o)
                0x000000009fc01620                __vector_dispatch_33
                0x0000000000000001                ASSERT (((_vector_spacing == 0x0) || (SIZEOF (.vector_33) <= (_vector_spacing << 0x5))), function at exception vector 33 too large)

.vector_34      0x000000009fc01640        0x8
 *(.vector_34)
 .vector_34     0x000000009fc01640        0x8 /Applications/microchip/xc32/v4.35/bin/bin/../../lib/gcc/pic32mx/8.3.1/../../../../pic32mx/lib/libpic32.a(vector34.o)
                0x000000009fc01640                __vector_dispatch_34
                0x0000000000000001                ASSERT (((_vector_spacing == 0x0) || (SIZEOF (.vector_34) <= (_vector_spacing << 0x5))), function at exception vector 34 too large)

.vector_35      0x000000009fc01660        0x8
 *(.vector_35)
 .vector_35     0x000000009fc01660        0x8 build/default/production/_ext/1688732426/system_interrupt.o
                0x000000009fc01660                __vector_dispatch_35
                0x0000000000000001                ASSERT (((_vector_spacing == 0x0) || (SIZEOF (.vector_35) <= (_vector_spacing << 0x5))), function at exception vector 35 too large)

.vector_36      0x000000009fc01680        0x8
 *(.vector_36)
 .vector_36     0x000000009fc01680        0x8 /Applications/microchip/xc32/v4.35/bin/bin/../../lib/gcc/pic32mx/8.3.1/../../../../pic32mx/lib/libpic32.a(vector36.o)
                0x000000009fc01680                __vector_dispatch_36
                0x0000000000000001                ASSERT (((_vector_spacing == 0x0) || (SIZEOF (.vector_36) <= (_vector_spacing << 0x5))), function at exception vector 36 too large)

.vector_37      0x000000009fc016a0        0x8
 *(.vector_37)
 .vector_37     0x000000009fc016a0        0x8 /Applications/microchip/xc32/v4.35/bin/bin/../../lib/gcc/pic32mx/8.3.1/../../../../pic32mx/lib/libpic32.a(vector37.o)
                0x000000009fc016a0                __vector_dispatch_37
                0x0000000000000001                ASSERT (((_vector_spacing == 0x0) || (SIZEOF (.vector_37) <= (_vector_spacing << 0x5))), function at exception vector 37 too large)

.vector_38      0x000000009fc016c0        0x8
 *(.vector_38)
 .vector_38     0x000000009fc016c0        0x8 /Applications/microchip/xc32/v4.35/bin/bin/../../lib/gcc/pic32mx/8.3.1/../../../../pic32mx/lib/libpic32.a(vector38.o)
                0x000000009fc016c0                __vector_dispatch_38
                0x0000000000000001                ASSERT (((_vector_spacing == 0x0) || (SIZEOF (.vector_38) <= (_vector_spacing << 0x5))), function at exception vector 38 too large)

.vector_39      0x000000009fc016e0        0x8
 *(.vector_39)
 .vector_39     0x000000009fc016e0        0x8 build/default/production/_ext/1688732426/system_interrupt.o
                0x000000009fc016e0                __vector_dispatch_39
                0x0000000000000001                ASSERT (((_vector_spacing == 0x0) || (SIZEOF (.vector_39) <= (_vector_spacing << 0x5))), function at exception vector 39 too large)

.vector_40      0x000000009fc01700        0x8
 *(.vector_40)
 .vector_40     0x000000009fc01700        0x8 /Applications/microchip/xc32/v4.35/bin/bin/../../lib/gcc/pic32mx/8.3.1/../../../../pic32mx/lib/libpic32.a(vector40.o)
                0x000000009fc01700                __vector_dispatch_40
                0x0000000000000001                ASSERT (((_vector_spacing == 0x0) || (SIZEOF (.vector_40) <= (_vector_spacing << 0x5))), function at exception vector 40 too large)

.vector_41      0x000000009fc01720        0x8
 *(.vector_41)
 .vector_41     0x000000009fc01720        0x8 /Applications/microchip/xc32/v4.35/bin/bin/../../lib/gcc/pic32mx/8.3.1/../../../../pic32mx/lib/libpic32.a(vector41.o)
                0x000000009fc01720                __vector_dispatch_41
                0x0000000000000001                ASSERT (((_vector_spacing == 0x0) || (SIZEOF (.vector_41) <= (_vector_spacing << 0x5))), function at exception vector 41 too large)

.vector_42      0x000000009fc01740        0x8
 *(.vector_42)
 .vector_42     0x000000009fc01740        0x8 /Applications/microchip/xc32/v4.35/bin/bin/../../lib/gcc/pic32mx/8.3.1/../../../../pic32mx/lib/libpic32.a(vector42.o)
                0x000000009fc01740                __vector_dispatch_42
                0x0000000000000001                ASSERT (((_vector_spacing == 0x0) || (SIZEOF (.vector_42) <= (_vector_spacing << 0x5))), function at exception vector 42 too large)

.vector_43      0x000000009fc01760        0x8
 *(.vector_43)
 .vector_43     0x000000009fc01760        0x8 /Applications/microchip/xc32/v4.35/bin/bin/../../lib/gcc/pic32mx/8.3.1/../../../../pic32mx/lib/libpic32.a(vector43.o)
                0x000000009fc01760                __vector_dispatch_43
                0x0000000000000001                ASSERT (((_vector_spacing == 0x0) || (SIZEOF (.vector_43) <= (_vector_spacing << 0x5))), function at exception vector 43 too large)

.vector_44      0x000000009fc01780        0x8
 *(.vector_44)
 .vector_44     0x000000009fc01780        0x8 /Applications/microchip/xc32/v4.35/bin/bin/../../lib/gcc/pic32mx/8.3.1/../../../../pic32mx/lib/libpic32.a(vector44.o)
                0x000000009fc01780                __vector_dispatch_44
                0x0000000000000001                ASSERT (((_vector_spacing == 0x0) || (SIZEOF (.vector_44) <= (_vector_spacing << 0x5))), function at exception vector 44 too large)

.vector_45      0x000000009fc017a0        0x8
 *(.vector_45)
 .vector_45     0x000000009fc017a0        0x8 /Applications/microchip/xc32/v4.35/bin/bin/../../lib/gcc/pic32mx/8.3.1/../../../../pic32mx/lib/libpic32.a(vector45.o)
                0x000000009fc017a0                __vector_dispatch_45
                0x0000000000000001                ASSERT (((_vector_spacing == 0x0) || (SIZEOF (.vector_45) <= (_vector_spacing << 0x5))), function at exception vector 45 too large)

.vector_46      0x000000009fc017c0        0x0
 *(.vector_46)
                0x0000000000000001                ASSERT (((_vector_spacing == 0x0) || (SIZEOF (.vector_46) <= (_vector_spacing << 0x5))), function at exception vector 46 too large)

.vector_47      0x000000009fc017e0        0x0
 *(.vector_47)
                0x0000000000000001                ASSERT (((_vector_spacing == 0x0) || (SIZEOF (.vector_47) <= (_vector_spacing << 0x5))), function at exception vector 47 too large)

.vector_48      0x000000009fc01800        0x0
 *(.vector_48)
                0x0000000000000001                ASSERT (((_vector_spacing == 0x0) || (SIZEOF (.vector_48) <= (_vector_spacing << 0x5))), function at exception vector 48 too large)

.vector_49      0x000000009fc01820        0x0
 *(.vector_49)
                0x0000000000000001                ASSERT (((_vector_spacing == 0x0) || (SIZEOF (.vector_49) <= (_vector_spacing << 0x5))), function at exception vector 49 too large)

.vector_50      0x000000009fc01840        0x0
 *(.vector_50)
                0x0000000000000001                ASSERT (((_vector_spacing == 0x0) || (SIZEOF (.vector_50) <= (_vector_spacing << 0x5))), function at exception vector 50 too large)

.vector_51      0x000000009fc01860        0x0
 *(.vector_51)
                0x0000000000000001                ASSERT (((_vector_spacing == 0x0) || (SIZEOF (.vector_51) <= (_vector_spacing << 0x5))), function at exception vector 51 too large)

.vector_52      0x000000009fc01880        0x0
 *(.vector_52)
                0x0000000000000001                ASSERT (((_vector_spacing == 0x0) || (SIZEOF (.vector_52) <= (_vector_spacing << 0x5))), function at exception vector 52 too large)

.vector_53      0x000000009fc018a0        0x0
 *(.vector_53)
                0x0000000000000001                ASSERT (((_vector_spacing == 0x0) || (SIZEOF (.vector_53) <= (_vector_spacing << 0x5))), function at exception vector 53 too large)

.vector_54      0x000000009fc018c0        0x0
 *(.vector_54)
                0x0000000000000001                ASSERT (((_vector_spacing == 0x0) || (SIZEOF (.vector_54) <= (_vector_spacing << 0x5))), function at exception vector 54 too large)

.vector_55      0x000000009fc018e0        0x0
 *(.vector_55)
                0x0000000000000001                ASSERT (((_vector_spacing == 0x0) || (SIZEOF (.vector_55) <= (_vector_spacing << 0x5))), function at exception vector 55 too large)

.vector_56      0x000000009fc01900        0x0
 *(.vector_56)
                0x0000000000000001                ASSERT (((_vector_spacing == 0x0) || (SIZEOF (.vector_56) <= (_vector_spacing << 0x5))), function at exception vector 56 too large)

.vector_57      0x000000009fc01920        0x0
 *(.vector_57)
                0x0000000000000001                ASSERT (((_vector_spacing == 0x0) || (SIZEOF (.vector_57) <= (_vector_spacing << 0x5))), function at exception vector 57 too large)

.vector_58      0x000000009fc01940        0x0
 *(.vector_58)
                0x0000000000000001                ASSERT (((_vector_spacing == 0x0) || (SIZEOF (.vector_58) <= (_vector_spacing << 0x5))), function at exception vector 58 too large)

.vector_59      0x000000009fc01960        0x0
 *(.vector_59)
                0x0000000000000001                ASSERT (((_vector_spacing == 0x0) || (SIZEOF (.vector_59) <= (_vector_spacing << 0x5))), function at exception vector 59 too large)

.vector_60      0x000000009fc01980        0x0
 *(.vector_60)
                0x0000000000000001                ASSERT (((_vector_spacing == 0x0) || (SIZEOF (.vector_60) <= (_vector_spacing << 0x5))), function at exception vector 60 too large)

.vector_61      0x000000009fc019a0        0x0
 *(.vector_61)
                0x0000000000000001                ASSERT (((_vector_spacing == 0x0) || (SIZEOF (.vector_61) <= (_vector_spacing << 0x5))), function at exception vector 61 too large)

.vector_62      0x000000009fc019c0        0x0
 *(.vector_62)
                0x0000000000000001                ASSERT (((_vector_spacing == 0x0) || (SIZEOF (.vector_62) <= (_vector_spacing << 0x5))), function at exception vector 62 too large)

.vector_63      0x000000009fc019e0        0x0
 *(.vector_63)
                0x0000000000000001                ASSERT (((_vector_spacing == 0x0) || (SIZEOF (.vector_63) <= (_vector_spacing << 0x5))), function at exception vector 63 too large)

.startup
 *(.startup)

.text           0x000000009d000000        0x0
 *(.stub .gnu.linkonce.t.*)
 *(.text.*personality*)
 *(.mips16.fn.*)
 *(.mips16.call.*)
 *(.gnu.warning)
                0x000000009d000000                . = ALIGN (0x4)

.init           0x000000009d000000        0x0
 *crti.o(.init)
 *crtbegin.o(.init)
 *(EXCLUDE_FILE(*crtn.o *crtend?.o *crtend.o) .init)
 *crtend.o(.init)
 *crtn.o(.init)
                0x000000009d000000                . = ALIGN (0x4)

.fini           0x000000009d000000        0x0
 *(.fini)
                0x000000009d000000                . = ALIGN (0x4)

.preinit_array  0x000000009d000000        0x0
                [!provide]                        PROVIDE (__preinit_array_start = .)
 *(.preinit_array)
                [!provide]                        PROVIDE (__preinit_array_end = .)
                0x000000009d000000                . = ALIGN (0x4)

.init_array     0x000000009d000000        0x0
                [!provide]                        PROVIDE (__init_array_start = .)
 *(SORT_BY_NAME(.init_array.*))
 *(.init_array)
                [!provide]                        PROVIDE (__init_array_end = .)
                0x000000009d000000                . = ALIGN (0x4)

.fini_array     0x000000009d000000        0x0
                [!provide]                        PROVIDE (__fini_array_start = .)
 *(SORT_BY_NAME(.fini_array.*))
 *(.fini_array)
                [!provide]                        PROVIDE (__fini_array_end = .)
                0x000000009d000000                . = ALIGN (0x4)

.ctors          0x000000009d000000        0x0
 *crtbegin.o(.ctors)
 *crtbegin?.o(.ctors)
 *(EXCLUDE_FILE(*crtend?.o *crtend.o) .ctors)
 *(SORT_BY_NAME(.ctors.*))
 *(.ctors)
                0x000000009d000000                . = ALIGN (0x4)

.dtors          0x000000009d000000        0x0
 *crtbegin.o(.dtors)
 *crtbegin?.o(.dtors)
 *(EXCLUDE_FILE(*crtend?.o *crtend.o) .dtors)
 *(SORT_BY_NAME(.dtors.*))
 *(.dtors)
                0x000000009d000000                . = ALIGN (0x4)

.rodata         0x000000009d000000        0x0
 *(.gnu.linkonce.r.*)
 *(.rodata1)
                0x000000009d000000                . = ALIGN (0x4)

.sdata2         0x000000009d000000        0x0
 *(.sdata2 .sdata2.* .gnu.linkonce.s2.*)
                0x000000009d000000                . = ALIGN (0x4)

.sbss2          0x000000009d000000        0x0
 *(.sbss2 .sbss2.* .gnu.linkonce.sb2.*)
                0x000000009d000000                . = ALIGN (0x4)

.eh_frame_hdr
 *(.eh_frame_hdr)
                0x000000009d000000                . = ALIGN (0x4)

.eh_frame
 *(.eh_frame)
                0x000000009d000000                . = ALIGN (0x4)

.gcc_except_table
 *(.gcc_except_table .gcc_except_table.*)
                0x000000009d000000                . = ALIGN (0x4)

.dbg_data       0x00000000a0000000        0x0
                0x00000000a0000000                . = (. + DEFINED (_DEBUGGER)?0x200:0x0)

.jcr            0x00000000a0000000        0x0
 *(.jcr)
                0x00000000a0000000                . = ALIGN (0x4)

.eh_frame
 *(.eh_frame)
                0x00000000a0000000                . = ALIGN (0x4)

.gcc_except_table
 *(.gcc_except_table .gcc_except_table.*)
                0x00000000a0000000                . = ALIGN (0x4)

.persist        0x00000000a0000000        0x0
                0x00000000a0000000                _persist_begin = .
 *(.persist .persist.*)
                0x00000000a0000000                . = ALIGN (0x4)
                0x00000000a0000000                _persist_end = .

.data           0x00000000a0000000        0x0
 *(.gnu.linkonce.d.*)
 *(.data1)
                0x00000000a0000000                . = ALIGN (0x4)
                0x00000000a0000000                . = .
                0x00000000a0007ff0                _gp = (ALIGN (0x10) + 0x7ff0)

.got            0x00000000a0000000        0x0
 *(.got.plt)
 *(.got)
                0x00000000a0000000                . = ALIGN (0x4)

.sdata          0x00000000a0000000       0x3c
                0x00000000a0000000                _sdata_begin = .
 *(.sdata .sdata.* .gnu.linkonce.s.*)
 .sdata         0x00000000a0000000        0xb build/default/production/_ext/996065237/drv_encx24j600_spi_bus.o
 *fill*         0x00000000a000000b        0x1 
 .sdata         0x00000000a000000c        0x2 build/default/production/_ext/1728422854/drv_encx24j600_tx_packet.o
                0x00000000a000000c                lastPacketAddr
 *fill*         0x00000000a000000e        0x2 
 .sdata         0x00000000a0000010        0x6 build/default/production/_ext/26143033/arp.o
 *fill*         0x00000000a0000016        0x2 
 .sdata         0x00000000a0000018        0x4 build/default/production/_ext/26143033/tcpip_manager.o
 .sdata         0x00000000a000001c        0xc build/default/production/_ext/1688732426/system_init.o
                0x00000000a000001c                consUsartInit0
                0x00000000a0000024                sysConsoleObjects
 .sdata         0x00000000a0000028        0x8 build/default/production/_ext/1360937237/UDP_app.o
 .sdata         0x00000000a0000030        0x8 build/default/production/_ext/1360937237/main.o
                0x00000000a0000030                Valeur_Threshold
                0x00000000a0000034                Varible5minutes
 .sdata         0x00000000a0000038        0x2 build/default/production/mot.o
                0x00000000a0000038                bStepCfgNoBits
                0x00000000a0000039                bMode
                0x00000000a000003c                . = ALIGN (0x4)
 *fill*         0x00000000a000003a        0x2 
                0x00000000a000003c                _sdata_end = .

.lit8
 *(.lit8)

.lit4
 *(.lit4)
                0x00000000a000003c                . = ALIGN (0x4)
                0x00000000a000003c                _data_end = .
                0x00000000a000003c                _bss_begin = .

.sbss           0x00000000a000003c      0x11c
                0x00000000a000003c                _sbss_begin = .
 *(.dynsbss)
 *(.sbss .sbss.* .gnu.linkonce.sb.*)
 .sbss          0x00000000a000003c        0x8 build/default/production/_ext/1360937237/ssd.o
                0x00000000a0000040                digits
 .sbss          0x00000000a0000044        0x1 build/default/production/_ext/996065237/drv_encx24j600_spi_bus.o
 *fill*         0x00000000a0000045        0x3 
 .sbss          0x00000000a0000048        0xc build/default/production/_ext/820865379/drv_encx24j600_api.o
 .sbss          0x00000000a0000054        0x1 build/default/production/_ext/915312864/drv_spi.o
 *fill*         0x00000000a0000055        0x3 
 .sbss          0x00000000a0000058        0x4 build/default/production/_ext/1298913485/drv_tmr.o
 .sbss          0x00000000a000005c        0x2 build/default/production/_ext/327000265/drv_usart_static_buffer_queue.o
 *fill*         0x00000000a000005e        0x2 
 .sbss          0x00000000a0000060       0x10 build/default/production/_ext/2001008086/sys_command.o
 .sbss          0x00000000a0000070        0x8 build/default/production/_ext/340578644/sys_devcon.o
                0x00000000a0000070                sysDevconObj
 .sbss          0x00000000a0000078       0x1a build/default/production/_ext/26143033/ipv4.o
                0x00000000a0000078                _IPv4StayAssertLoop
 *fill*         0x00000000a0000092        0x2 
 .sbss          0x00000000a0000094       0x1c build/default/production/_ext/26143033/udp.o
 .sbss          0x00000000a00000b0       0x24 build/default/production/_ext/26143033/tcpip_manager.o
 .sbss          0x00000000a00000d4        0x8 build/default/production/_ext/26143033/tcpip_packet.o
 .sbss          0x00000000a00000dc        0x8 build/default/production/_ext/1688732426/system_init.o
                0x00000000a00000dc                sysCmdInit
 .sbss          0x00000000a00000e4        0x4 build/default/production/_ext/1688732426/system_interrupt.o
                0x00000000a00000e4                data_count
 .sbss          0x00000000a00000e8       0x2e build/default/production/_ext/1360937237/app_commands.o
                0x00000000a00000e8                UDP_bytes_received
                0x00000000a00000ea                UDP_bytes_to_send
                0x00000000a00000ec                UDP_Receive_Packet
                0x00000000a00000ed                Confirmation
                0x00000000a00000f0                entete_counter
                0x00000000a00000f4                RGB_counter
                0x00000000a00000f8                avgZ
                0x00000000a00000fc                avgY
                0x00000000a0000100                Type_Oiseau
                0x00000000a0000104                receive_counter
                0x00000000a0000108                new_data_received
                0x00000000a000010c                RGB_flag
                0x00000000a0000110                UDP_Port_Buffer
 .sbss          0x00000000a0000116        0x1 build/default/production/_ext/1360937237/UDP_app.o
                0x00000000a0000116                ipChoix
 *fill*         0x00000000a0000117        0x1 
 .sbss          0x00000000a0000118       0x3c build/default/production/_ext/1360937237/main.o
                0x00000000a0000118                FermerRideau
                0x00000000a000011c                OuvrirRideau
                0x00000000a0000120                EtapeRideau
                0x00000000a0000124                Mode_Manuel
                0x00000000a0000128                Valeur_Lumiere
                0x00000000a000012c                Mode_Lumiere
                0x00000000a0000130                Mode_Oiseau
                0x00000000a0000134                Compteur_Moyenne
                0x00000000a0000138                count
                0x00000000a000013c                count5min
                0x00000000a000014c                mainData
 .sbss          0x00000000a0000154        0x1 build/default/production/mot.o
                0x00000000a0000154                bStepCfg
 *(.scommon)
                0x00000000a0000155                _sbss_end = .
                0x00000000a0000158                . = ALIGN (0x4)
 *fill*         0x00000000a0000155        0x3 

.bss            0x00000000a0000158        0x0
 *(.dynbss)
 *(COMMON)
                0x00000000a0000158                . = ALIGN ((. != 0x0)?0x4:0x1)
                0x00000000a0000158                . = ALIGN (0x4)
                0x00000000a0000158                _end = .
                0x00000000a0000158                _bss_end = .
                0x0000000000020000                _bmxdudba_address = LENGTH (kseg1_data_mem)
                0x0000000000020000                _bmxdupba_address = LENGTH (kseg1_data_mem)

/DISCARD/
 *(.pdr)
 *(.rel.dyn)
 *(.note.GNU-stack)
 *(.note.GNU-stack)
 *(.gnu_debuglink)
 *(.gnu.lto_*)
 *(.discard)

.gptab.sdata
 *(.gptab.data)
 *(.gptab.sdata)

.gptab.sbss
 *(.gptab.bss)
 *(.gptab.sbss)

.mdebug.abi32   0x0000000000000000        0x0
 *(.mdebug.abi32)
 .mdebug.abi32  0x0000000000000000        0x0 build/default/production/_ext/1360937237/led.o
 .mdebug.abi32  0x0000000000000000        0x0 build/default/production/_ext/1360937237/ssd.o
 .mdebug.abi32  0x0000000000000000        0x0 build/default/production/_ext/1360937237/i2c.o
 .mdebug.abi32  0x0000000000000000        0x0 build/default/production/_ext/1360937237/lcd.o
 .mdebug.abi32  0x0000000000000000        0x0 build/default/production/_ext/1360937237/swt.o
 .mdebug.abi32  0x0000000000000000        0x0 build/default/production/_ext/996065237/drv_encx24j600_spi_bus.o
 .mdebug.abi32  0x0000000000000000        0x0 build/default/production/_ext/1600828880/drv_encx24j600_closed_state.o
 .mdebug.abi32  0x0000000000000000        0x0 build/default/production/_ext/472602724/drv_encx24j600_initialization_state.o
 .mdebug.abi32  0x0000000000000000        0x0 build/default/production/_ext/472602724/drv_encx24j600_configure_state.o
 .mdebug.abi32  0x0000000000000000        0x0 build/default/production/_ext/472602724/drv_encx24j600_detect_state.o
 .mdebug.abi32  0x0000000000000000        0x0 build/default/production/_ext/472602724/drv_encx24j600_reset_state.o
 .mdebug.abi32  0x0000000000000000        0x0 build/default/production/_ext/1728422854/drv_encx24j600_tx_packet.o
 .mdebug.abi32  0x0000000000000000        0x0 build/default/production/_ext/1728422854/drv_encx24j600_rx_packet.o
 .mdebug.abi32  0x0000000000000000        0x0 build/default/production/_ext/999618079/drv_encx24j600_running_state.o
 .mdebug.abi32  0x0000000000000000        0x0 build/default/production/_ext/999618079/drv_encx24j600_change_duplex_state.o
 .mdebug.abi32  0x0000000000000000        0x0 build/default/production/_ext/999618079/drv_encx24j600_check_int_state.o
 .mdebug.abi32  0x0000000000000000        0x0 build/default/production/_ext/999618079/drv_encx24j600_check_status_state.o
 .mdebug.abi32  0x0000000000000000        0x0 build/default/production/_ext/999618079/drv_encx24j600_check_tx_status_state.o
 .mdebug.abi32  0x0000000000000000        0x0 build/default/production/_ext/999618079/drv_encx24j600_reset_rx_state.o
 .mdebug.abi32  0x0000000000000000        0x0 build/default/production/_ext/820865379/drv_encx24j600_api.o
 .mdebug.abi32  0x0000000000000000        0x0 build/default/production/_ext/820865379/drv_encx24j600_main_state.o
 .mdebug.abi32  0x0000000000000000        0x0 build/default/production/_ext/820865379/drv_encx24j600_utils.o
 .mdebug.abi32  0x0000000000000000        0x0 build/default/production/_ext/977502197/drv_spi_tasks.o
 .mdebug.abi32  0x0000000000000000        0x0 build/default/production/_ext/977502197/drv_spi_api.o
 .mdebug.abi32  0x0000000000000000        0x0 build/default/production/_ext/977502197/drv_spi_master_ebm_tasks.o
 .mdebug.abi32  0x0000000000000000        0x0 build/default/production/_ext/915312864/drv_spi.o
 .mdebug.abi32  0x0000000000000000        0x0 build/default/production/_ext/2077795248/drv_spi_sys_queue_fifo.o
 .mdebug.abi32  0x0000000000000000        0x0 build/default/production/_ext/1298913485/drv_tmr.o
 .mdebug.abi32  0x0000000000000000        0x0 build/default/production/_ext/327000265/drv_usart_mapping.o
 .mdebug.abi32  0x0000000000000000        0x0 build/default/production/_ext/327000265/drv_usart_static.o
 .mdebug.abi32  0x0000000000000000        0x0 build/default/production/_ext/327000265/drv_usart_static_buffer_queue.o
 .mdebug.abi32  0x0000000000000000        0x0 build/default/production/_ext/327000265/drv_usart_static_read_write.o
 .mdebug.abi32  0x0000000000000000        0x0 build/default/production/_ext/639803181/sys_clk_pic32mx.o
 .mdebug.abi32  0x0000000000000000        0x0 build/default/production/_ext/2001008086/sys_command.o
 .mdebug.abi32  0x0000000000000000        0x0 build/default/production/_ext/1544295906/sys_console.o
 .mdebug.abi32  0x0000000000000000        0x0 build/default/production/_ext/1544295906/sys_console_uart.o
 .mdebug.abi32  0x0000000000000000        0x0 build/default/production/_ext/340578644/sys_devcon.o
 .mdebug.abi32  0x0000000000000000        0x0 build/default/production/_ext/340578644/sys_devcon_pic32mx.o
 .mdebug.abi32  0x0000000000000000        0x0 build/default/production/_ext/1735427962/sys_int_pic32.o
 .mdebug.abi32  0x0000000000000000        0x0 build/default/production/_ext/822048611/sys_ports_static.o
 .mdebug.abi32  0x0000000000000000        0x0 build/default/production/_ext/327917790/sys_random.o
 .mdebug.abi32  0x0000000000000000        0x0 build/default/production/_ext/68765530/sys_reset.o
 .mdebug.abi32  0x0000000000000000        0x0 build/default/production/_ext/1417409628/sys_tmr.o
 .mdebug.abi32  0x0000000000000000        0x0 build/default/production/_ext/1881663949/helpers.o
 .mdebug.abi32  0x0000000000000000        0x0 build/default/production/_ext/26143033/ipv4.o
 .mdebug.abi32  0x0000000000000000        0x0 build/default/production/_ext/26143033/udp.o
 .mdebug.abi32  0x0000000000000000        0x0 build/default/production/_ext/26143033/tcpip_heap_alloc.o
 .mdebug.abi32  0x0000000000000000        0x0 build/default/production/_ext/26143033/tcpip_heap_internal.o
 .mdebug.abi32  0x0000000000000000        0x0 build/default/production/_ext/26143033/arp.o
 .mdebug.abi32  0x0000000000000000        0x0 build/default/production/_ext/26143033/dns.o
 .mdebug.abi32  0x0000000000000000        0x0 build/default/production/_ext/26143033/hash_fnv.o
 .mdebug.abi32  0x0000000000000000        0x0 build/default/production/_ext/26143033/oahash.o
 .mdebug.abi32  0x0000000000000000        0x0 build/default/production/_ext/26143033/tcpip_helpers.o
 .mdebug.abi32  0x0000000000000000        0x0 build/default/production/_ext/26143033/tcpip_manager.o
 .mdebug.abi32  0x0000000000000000        0x0 build/default/production/_ext/26143033/tcpip_notify.o
 .mdebug.abi32  0x0000000000000000        0x0 build/default/production/_ext/26143033/tcpip_packet.o
 .mdebug.abi32  0x0000000000000000        0x0 build/default/production/_ext/1688732426/system_init.o
 .mdebug.abi32  0x0000000000000000        0x0 build/default/production/_ext/1688732426/system_interrupt.o
 .mdebug.abi32  0x0000000000000000        0x0 build/default/production/_ext/1688732426/system_tasks.o
 .mdebug.abi32  0x0000000000000000        0x0 build/default/production/_ext/1360937237/app_commands.o
 .mdebug.abi32  0x0000000000000000        0x0 build/default/production/_ext/1360937237/UDP_app.o
 .mdebug.abi32  0x0000000000000000        0x0 build/default/production/_ext/1360937237/main.o
 .mdebug.abi32  0x0000000000000000        0x0 build/default/production/adc.o
 .mdebug.abi32  0x0000000000000000        0x0 build/default/production/btn.o
 .mdebug.abi32  0x0000000000000000        0x0 build/default/production/mot.o
 .mdebug.abi32  0x0000000000000000        0x0 build/default/production/pmods.o
 .mdebug.abi32  0x0000000000000000        0x0 /Applications/microchip/xc32/v4.35/bin/bin/../../lib/gcc/pic32mx/8.3.1/libgcc.a(_udivdi3.o)
 .mdebug.abi32  0x0000000000000000        0x0 /Applications/microchip/xc32/v4.35/bin/bin/../../lib/gcc/pic32mx/8.3.1/libgcc.a(floatunsisf.o)
 .mdebug.abi32  0x0000000000000000        0x0 /Applications/microchip/xc32/v4.35/bin/bin/../../lib/gcc/pic32mx/8.3.1/../../../../pic32mx/lib/libpic32.a(default-bootstrap-exception-handler.o)
 .mdebug.abi32  0x0000000000000000        0x0 /Applications/microchip/xc32/v4.35/bin/bin/../../lib/gcc/pic32mx/8.3.1/../../../../pic32mx/lib/libpic32.a(default-on-reset.o)
 .mdebug.abi32  0x0000000000000000        0x0 /Applications/microchip/xc32/v4.35/bin/bin/../../lib/gcc/pic32mx/8.3.1/../../../../pic32mx/lib/libpic32.a(default-on-bootstrap.o)
 .mdebug.abi32  0x0000000000000000        0x0 /Applications/microchip/xc32/v4.35/bin/bin/../../lib/gcc/pic32mx/8.3.1/../../../../pic32mx/lib/libpic32.a(default-general-exception-handler.o)
 .mdebug.abi32  0x0000000000000000        0x0 /Applications/microchip/xc32/v4.35/bin/bin/../../lib/gcc/pic32mx/8.3.1/../../../../pic32mx/lib/libpic32.a(defaultinterrupt.o)
 .mdebug.abi32  0x0000000000000000        0x0 /Applications/microchip/xc32/v4.35/bin/bin/../../lib/gcc/pic32mx/8.3.1/../../../../pic32mx/lib/libc-musl.a(isxdigit.o)
 .mdebug.abi32  0x0000000000000000        0x0 /Applications/microchip/xc32/v4.35/bin/bin/../../lib/gcc/pic32mx/8.3.1/../../../../pic32mx/lib/libc-musl.a(toupper.o)
 .mdebug.abi32  0x0000000000000000        0x0 /Applications/microchip/xc32/v4.35/bin/bin/../../lib/gcc/pic32mx/8.3.1/../../../../pic32mx/lib/libc-musl.a(calloc.o)
 .mdebug.abi32  0x0000000000000000        0x0 /Applications/microchip/xc32/v4.35/bin/bin/../../lib/gcc/pic32mx/8.3.1/../../../../pic32mx/lib/libc-musl.a(malloc.o)
 .mdebug.abi32  0x0000000000000000        0x0 /Applications/microchip/xc32/v4.35/bin/bin/../../lib/gcc/pic32mx/8.3.1/../../../../pic32mx/lib/libc-musl.a(expand_heap.o)
 .mdebug.abi32  0x0000000000000000        0x0 /Applications/microchip/xc32/v4.35/bin/bin/../../lib/gcc/pic32mx/8.3.1/../../../../pic32mx/lib/libc-musl.a(rand.o)
 .mdebug.abi32  0x0000000000000000        0x0 /Applications/microchip/xc32/v4.35/bin/bin/../../lib/gcc/pic32mx/8.3.1/../../../../pic32mx/lib/libc-musl.a(vsnprintf.o)
 .mdebug.abi32  0x0000000000000000        0x0 /Applications/microchip/xc32/v4.35/bin/bin/../../lib/gcc/pic32mx/8.3.1/../../../../pic32mx/lib/libc-musl.a(snprintf.o)
 .mdebug.abi32  0x0000000000000000        0x0 /Applications/microchip/xc32/v4.35/bin/bin/../../lib/gcc/pic32mx/8.3.1/../../../../pic32mx/lib/libc-musl.a(sprintf.o)
 .mdebug.abi32  0x0000000000000000        0x0 /Applications/microchip/xc32/v4.35/bin/bin/../../lib/gcc/pic32mx/8.3.1/../../../../pic32mx/lib/libc-musl.a(vsprintf.o)
 .mdebug.abi32  0x0000000000000000        0x0 /Applications/microchip/xc32/v4.35/bin/bin/../../lib/gcc/pic32mx/8.3.1/../../../../pic32mx/lib/libc-musl.a(atoi.o)
 .mdebug.abi32  0x0000000000000000        0x0 /Applications/microchip/xc32/v4.35/bin/bin/../../lib/gcc/pic32mx/8.3.1/../../../../pic32mx/lib/libc-musl.a(strtol.o)
 .mdebug.abi32  0x0000000000000000        0x0 /Applications/microchip/xc32/v4.35/bin/bin/../../lib/gcc/pic32mx/8.3.1/../../../../pic32mx/lib/libc-musl.a(strncpy.o)
 .mdebug.abi32  0x0000000000000000        0x0 /Applications/microchip/xc32/v4.35/bin/bin/../../lib/gcc/pic32mx/8.3.1/../../../../pic32mx/lib/libc-musl.a(intscan.o)
 .mdebug.abi32  0x0000000000000000        0x0 /Applications/microchip/xc32/v4.35/bin/bin/../../lib/gcc/pic32mx/8.3.1/../../../../pic32mx/lib/libc-musl.a(libc.o)
 .mdebug.abi32  0x0000000000000000        0x0 /Applications/microchip/xc32/v4.35/bin/bin/../../lib/gcc/pic32mx/8.3.1/../../../../pic32mx/lib/libc-musl.a(shgetc.o)
 .mdebug.abi32  0x0000000000000000        0x0 /Applications/microchip/xc32/v4.35/bin/bin/../../lib/gcc/pic32mx/8.3.1/../../../../pic32mx/lib/libc-musl.a(__uflow.o)
 .mdebug.abi32  0x0000000000000000        0x0 /Applications/microchip/xc32/v4.35/bin/bin/../../lib/gcc/pic32mx/8.3.1/../../../../pic32mx/lib/libc-musl.a(vfprintf.o)
 .mdebug.abi32  0x0000000000000000        0x0 /Applications/microchip/xc32/v4.35/bin/bin/../../lib/gcc/pic32mx/8.3.1/../../../../pic32mx/lib/libc-musl.a(stpncpy.o)
 .mdebug.abi32  0x0000000000000000        0x0 /Applications/microchip/xc32/v4.35/bin/bin/../../lib/gcc/pic32mx/8.3.1/../../../../pic32mx/lib/libc-musl.a(__toread.o)
 .mdebug.abi32  0x0000000000000000        0x0 /Applications/microchip/xc32/v4.35/bin/bin/../../lib/gcc/pic32mx/8.3.1/../../../../pic32mx/lib/libc-musl.a(__io_fmt_needed.o)
 .mdebug.abi32  0x0000000000000000        0x0 /Applications/microchip/xc32/v4.35/bin/bin/../../lib/gcc/pic32mx/8.3.1/../../../../pic32mx/lib/libc-musl.a(__pop_float.o)
 .mdebug.abi32  0x0000000000000000        0x0 /Applications/microchip/xc32/v4.35/bin/bin/../../lib/gcc/pic32mx/8.3.1/../../../../pic32mx/lib/libc-musl.a(__pop_int.o)
 .mdebug.abi32  0x0000000000000000        0x0 /Applications/microchip/xc32/v4.35/bin/bin/../../lib/gcc/pic32mx/8.3.1/../../../../pic32mx/lib/libc-musl.a(__pop_ptr.o)
 .mdebug.abi32  0x0000000000000000        0x0 /Applications/microchip/xc32/v4.35/bin/bin/../../lib/gcc/pic32mx/8.3.1/../../../../pic32mx/lib/libc-musl.a(__printf_core.o)
 .mdebug.abi32  0x0000000000000000        0x0 /Applications/microchip/xc32/v4.35/bin/bin/../../lib/gcc/pic32mx/8.3.1/../../../../pic32mx/lib/libc-musl.a(__stdio_exit.o)
 .mdebug.abi32  0x0000000000000000        0x0 /Applications/microchip/xc32/v4.35/bin/bin/../../lib/gcc/pic32mx/8.3.1/../../../../pic32mx/lib/libc-musl.a(tolower.o)
 .mdebug.abi32  0x0000000000000000        0x0 /Applications/microchip/xc32/v4.35/bin/bin/../../lib/gcc/pic32mx/8.3.1/../../../../pic32mx/lib/libc-musl.a(__fmt_a.o)
 .mdebug.abi32  0x0000000000000000        0x0 /Applications/microchip/xc32/v4.35/bin/bin/../../lib/gcc/pic32mx/8.3.1/../../../../pic32mx/lib/libc-musl.a(__fmt_d.o)
 .mdebug.abi32  0x0000000000000000        0x0 /Applications/microchip/xc32/v4.35/bin/bin/../../lib/gcc/pic32mx/8.3.1/../../../../pic32mx/lib/libc-musl.a(__fmt_fp.o)
 .mdebug.abi32  0x0000000000000000        0x0 /Applications/microchip/xc32/v4.35/bin/bin/../../lib/gcc/pic32mx/8.3.1/../../../../pic32mx/lib/libc-musl.a(__fmt_o.o)
 .mdebug.abi32  0x0000000000000000        0x0 /Applications/microchip/xc32/v4.35/bin/bin/../../lib/gcc/pic32mx/8.3.1/../../../../pic32mx/lib/libc-musl.a(__fmt_s.o)
 .mdebug.abi32  0x0000000000000000        0x0 /Applications/microchip/xc32/v4.35/bin/bin/../../lib/gcc/pic32mx/8.3.1/../../../../pic32mx/lib/libc-musl.a(__fmt_u.o)
 .mdebug.abi32  0x0000000000000000        0x0 /Applications/microchip/xc32/v4.35/bin/bin/../../lib/gcc/pic32mx/8.3.1/../../../../pic32mx/lib/libc-musl.a(__fmt_x.o)
 .mdebug.abi32  0x0000000000000000        0x0 /Applications/microchip/xc32/v4.35/bin/bin/../../lib/gcc/pic32mx/8.3.1/../../../../pic32mx/lib/libc-musl.a(__cvt_u.o)
 .mdebug.abi32  0x0000000000000000        0x0 /Applications/microchip/xc32/v4.35/bin/bin/../../lib/gcc/pic32mx/8.3.1/../../../../pic32mx/lib/libm-musl.a(fma.o)
 .mdebug.abi32  0x0000000000000000        0x0 /Applications/microchip/xc32/v4.35/bin/bin/../../lib/gcc/pic32mx/8.3.1/../../../../pic32mx/lib/libm-musl.a(scalbn.o)
 .mdebug.abi32  0x0000000000000000        0x0 /Applications/microchip/xc32/v4.35/bin/bin/../../lib/gcc/pic32mx/8.3.1/libgcc.a(_lshrdi3.o)
 .mdebug.abi32  0x0000000000000000        0x0 /Applications/microchip/xc32/v4.35/bin/bin/../../lib/gcc/pic32mx/8.3.1/libgcc.a(_ashldi3.o)
 .mdebug.abi32  0x0000000000000000        0x0 /Applications/microchip/xc32/v4.35/bin/bin/../../lib/gcc/pic32mx/8.3.1/libgcc.a(_floatdidf.o)
 .mdebug.abi32  0x0000000000000000        0x0 /Applications/microchip/xc32/v4.35/bin/bin/../../lib/gcc/pic32mx/8.3.1/libgcc.a(_umoddi3.o)
 .mdebug.abi32  0x0000000000000000        0x0 /Applications/microchip/xc32/v4.35/bin/bin/../../lib/gcc/pic32mx/8.3.1/libgcc.a(floatunsidf.o)
 .mdebug.abi32  0x0000000000000000        0x0 /Applications/microchip/xc32/v4.35/bin/bin/../../lib/gcc/pic32mx/8.3.1/../../../../pic32mx/lib/libpic32.a(sbrk.o)
 .mdebug.abi32  0x0000000000000000        0x0 /Applications/microchip/xc32/v4.35/bin/bin/../../lib/gcc/pic32mx/8.3.1/../../../../pic32mx/lib/libpic32.a(errno.o)

.mdebug.abiN32
 *(.mdebug.abiN32)

.mdebug.abi64
 *(.mdebug.abi64)

.mdebug.abiO64
 *(.mdebug.abiO64)

.mdebug.eabi32
 *(.mdebug.eabi32)

.mdebug.eabi64
 *(.mdebug.eabi64)

.gcc_compiled_long32
 *(.gcc_compiled_long32)

.gcc_compiled_long64
 *(.gcc_compiled_long64)

.stab
 *(.stab)

.stabstr
 *(.stabstr)

.stab.excl
 *(.stab.excl)

.stab.exclstr
 *(.stab.exclstr)

.stab.index
 *(.stab.index)

.stab.indexstr
 *(.stab.indexstr)

.comment        0x0000000000000000       0xd9
 *(.comment)
 .comment       0x0000000000000000       0x2b build/default/production/_ext/1360937237/led.o
                                         0x2c (size before relaxing)
 .comment       0x000000000000002b       0x2c build/default/production/_ext/1360937237/ssd.o
 .comment       0x000000000000002b       0x2c build/default/production/_ext/1360937237/i2c.o
 .comment       0x000000000000002b       0x2c build/default/production/_ext/1360937237/lcd.o
 .comment       0x000000000000002b       0x2c build/default/production/_ext/1360937237/swt.o
 .comment       0x000000000000002b       0x2c build/default/production/_ext/996065237/drv_encx24j600_spi_bus.o
 .comment       0x000000000000002b       0x2c build/default/production/_ext/1600828880/drv_encx24j600_closed_state.o
 .comment       0x000000000000002b       0x2c build/default/production/_ext/472602724/drv_encx24j600_initialization_state.o
 .comment       0x000000000000002b       0x2c build/default/production/_ext/472602724/drv_encx24j600_configure_state.o
 .comment       0x000000000000002b       0x2c build/default/production/_ext/472602724/drv_encx24j600_detect_state.o
 .comment       0x000000000000002b       0x2c build/default/production/_ext/472602724/drv_encx24j600_reset_state.o
 .comment       0x000000000000002b       0x2c build/default/production/_ext/1728422854/drv_encx24j600_tx_packet.o
 .comment       0x000000000000002b       0x2c build/default/production/_ext/1728422854/drv_encx24j600_rx_packet.o
 .comment       0x000000000000002b       0x2c build/default/production/_ext/999618079/drv_encx24j600_running_state.o
 .comment       0x000000000000002b       0x2c build/default/production/_ext/999618079/drv_encx24j600_change_duplex_state.o
 .comment       0x000000000000002b       0x2c build/default/production/_ext/999618079/drv_encx24j600_check_int_state.o
 .comment       0x000000000000002b       0x2c build/default/production/_ext/999618079/drv_encx24j600_check_status_state.o
 .comment       0x000000000000002b       0x2c build/default/production/_ext/999618079/drv_encx24j600_check_tx_status_state.o
 .comment       0x000000000000002b       0x2c build/default/production/_ext/999618079/drv_encx24j600_reset_rx_state.o
 .comment       0x000000000000002b       0x2c build/default/production/_ext/820865379/drv_encx24j600_api.o
 .comment       0x000000000000002b       0x2c build/default/production/_ext/820865379/drv_encx24j600_main_state.o
 .comment       0x000000000000002b       0x2c build/default/production/_ext/820865379/drv_encx24j600_utils.o
 .comment       0x000000000000002b       0x2c build/default/production/_ext/977502197/drv_spi_tasks.o
 .comment       0x000000000000002b       0x2c build/default/production/_ext/977502197/drv_spi_api.o
 .comment       0x000000000000002b       0x2c build/default/production/_ext/977502197/drv_spi_master_ebm_tasks.o
 .comment       0x000000000000002b       0x2c build/default/production/_ext/915312864/drv_spi.o
 .comment       0x000000000000002b       0x2c build/default/production/_ext/2077795248/drv_spi_sys_queue_fifo.o
 .comment       0x000000000000002b       0x2c build/default/production/_ext/1298913485/drv_tmr.o
 .comment       0x000000000000002b       0x2c build/default/production/_ext/327000265/drv_usart_mapping.o
 .comment       0x000000000000002b       0x2c build/default/production/_ext/327000265/drv_usart_static.o
 .comment       0x000000000000002b       0x2c build/default/production/_ext/327000265/drv_usart_static_buffer_queue.o
 .comment       0x000000000000002b       0x2c build/default/production/_ext/327000265/drv_usart_static_read_write.o
 .comment       0x000000000000002b       0x2c build/default/production/_ext/639803181/sys_clk_pic32mx.o
 .comment       0x000000000000002b       0x2c build/default/production/_ext/2001008086/sys_command.o
 .comment       0x000000000000002b       0x2c build/default/production/_ext/1544295906/sys_console.o
 .comment       0x000000000000002b       0x2c build/default/production/_ext/1544295906/sys_console_uart.o
 .comment       0x000000000000002b       0x2c build/default/production/_ext/340578644/sys_devcon.o
 .comment       0x000000000000002b       0x2c build/default/production/_ext/340578644/sys_devcon_pic32mx.o
 .comment       0x000000000000002b       0x2c build/default/production/_ext/1735427962/sys_int_pic32.o
 .comment       0x000000000000002b       0x2c build/default/production/_ext/822048611/sys_ports_static.o
 .comment       0x000000000000002b       0x2c build/default/production/_ext/327917790/sys_random.o
 .comment       0x000000000000002b       0x2c build/default/production/_ext/68765530/sys_reset.o
 .comment       0x000000000000002b       0x2c build/default/production/_ext/1417409628/sys_tmr.o
 .comment       0x000000000000002b       0x2c build/default/production/_ext/1881663949/helpers.o
 .comment       0x000000000000002b       0x2c build/default/production/_ext/26143033/ipv4.o
 .comment       0x000000000000002b       0x2c build/default/production/_ext/26143033/udp.o
 .comment       0x000000000000002b       0x2c build/default/production/_ext/26143033/tcpip_heap_alloc.o
 .comment       0x000000000000002b       0x2c build/default/production/_ext/26143033/tcpip_heap_internal.o
 .comment       0x000000000000002b       0x2c build/default/production/_ext/26143033/arp.o
 .comment       0x000000000000002b       0x2c build/default/production/_ext/26143033/dns.o
 .comment       0x000000000000002b       0x2c build/default/production/_ext/26143033/hash_fnv.o
 .comment       0x000000000000002b       0x2c build/default/production/_ext/26143033/oahash.o
 .comment       0x000000000000002b       0x2c build/default/production/_ext/26143033/tcpip_helpers.o
 .comment       0x000000000000002b       0x2c build/default/production/_ext/26143033/tcpip_manager.o
 .comment       0x000000000000002b       0x2c build/default/production/_ext/26143033/tcpip_notify.o
 .comment       0x000000000000002b       0x2c build/default/production/_ext/26143033/tcpip_packet.o
 .comment       0x000000000000002b       0x2c build/default/production/_ext/1688732426/system_init.o
 .comment       0x000000000000002b       0x2c build/default/production/_ext/1688732426/system_interrupt.o
 .comment       0x000000000000002b       0x2c build/default/production/_ext/1688732426/system_tasks.o
 .comment       0x000000000000002b       0x2c build/default/production/_ext/1360937237/app_commands.o
 .comment       0x000000000000002b       0x2c build/default/production/_ext/1360937237/UDP_app.o
 .comment       0x000000000000002b       0x2c build/default/production/_ext/1360937237/main.o
 .comment       0x000000000000002b       0x2c build/default/production/adc.o
 .comment       0x000000000000002b       0x2c build/default/production/btn.o
 .comment       0x000000000000002b       0x2c build/default/production/mot.o
 .comment       0x000000000000002b       0x2c build/default/production/pmods.o
 .comment       0x000000000000002b       0x2c /Applications/microchip/xc32/v4.35/bin/bin/../../lib/gcc/pic32mx/8.3.1/libgcc.a(_udivdi3.o)
 .comment       0x000000000000002b       0x2c /Applications/microchip/xc32/v4.35/bin/bin/../../lib/gcc/pic32mx/8.3.1/libgcc.a(floatunsisf.o)
 .comment       0x000000000000002b       0x18 /Applications/microchip/xc32/v4.35/bin/bin/../../lib/gcc/pic32mx/8.3.1/../../../../pic32mx/lib/libpic32.a(memset.o)
                                         0x19 (size before relaxing)
 .comment       0x0000000000000043       0x19 /Applications/microchip/xc32/v4.35/bin/bin/../../lib/gcc/pic32mx/8.3.1/../../../../pic32mx/lib/libpic32.a(strcmp.o)
                                         0x1a (size before relaxing)
 .comment       0x000000000000005c       0x19 /Applications/microchip/xc32/v4.35/bin/bin/../../lib/gcc/pic32mx/8.3.1/../../../../pic32mx/lib/libpic32.a(strcpy.o)
                                         0x1a (size before relaxing)
 .comment       0x0000000000000075       0x19 /Applications/microchip/xc32/v4.35/bin/bin/../../lib/gcc/pic32mx/8.3.1/../../../../pic32mx/lib/libpic32.a(strlen.o)
                                         0x1a (size before relaxing)
 .comment       0x000000000000008e       0x2c /Applications/microchip/xc32/v4.35/bin/bin/../../lib/gcc/pic32mx/8.3.1/../../../../pic32mx/lib/libpic32.a(default-bootstrap-exception-handler.o)
 .comment       0x000000000000008e       0x2c /Applications/microchip/xc32/v4.35/bin/bin/../../lib/gcc/pic32mx/8.3.1/../../../../pic32mx/lib/libpic32.a(default-on-reset.o)
 .comment       0x000000000000008e       0x2c /Applications/microchip/xc32/v4.35/bin/bin/../../lib/gcc/pic32mx/8.3.1/../../../../pic32mx/lib/libpic32.a(default-on-bootstrap.o)
 .comment       0x000000000000008e       0x2c /Applications/microchip/xc32/v4.35/bin/bin/../../lib/gcc/pic32mx/8.3.1/../../../../pic32mx/lib/libpic32.a(default-general-exception-handler.o)
 .comment       0x000000000000008e       0x2c /Applications/microchip/xc32/v4.35/bin/bin/../../lib/gcc/pic32mx/8.3.1/../../../../pic32mx/lib/libpic32.a(defaultinterrupt.o)
 .comment       0x000000000000008e       0x2c /Applications/microchip/xc32/v4.35/bin/bin/../../lib/gcc/pic32mx/8.3.1/../../../../pic32mx/lib/libc-musl.a(isxdigit.o)
 .comment       0x000000000000008e       0x2c /Applications/microchip/xc32/v4.35/bin/bin/../../lib/gcc/pic32mx/8.3.1/../../../../pic32mx/lib/libc-musl.a(toupper.o)
 .comment       0x000000000000008e       0x2c /Applications/microchip/xc32/v4.35/bin/bin/../../lib/gcc/pic32mx/8.3.1/../../../../pic32mx/lib/libc-musl.a(calloc.o)
 .comment       0x000000000000008e       0x2c /Applications/microchip/xc32/v4.35/bin/bin/../../lib/gcc/pic32mx/8.3.1/../../../../pic32mx/lib/libc-musl.a(malloc.o)
 .comment       0x000000000000008e       0x2c /Applications/microchip/xc32/v4.35/bin/bin/../../lib/gcc/pic32mx/8.3.1/../../../../pic32mx/lib/libc-musl.a(expand_heap.o)
 .comment       0x000000000000008e       0x2c /Applications/microchip/xc32/v4.35/bin/bin/../../lib/gcc/pic32mx/8.3.1/../../../../pic32mx/lib/libc-musl.a(rand.o)
 .comment       0x000000000000008e       0x2c /Applications/microchip/xc32/v4.35/bin/bin/../../lib/gcc/pic32mx/8.3.1/../../../../pic32mx/lib/libc-musl.a(vsnprintf.o)
 .comment       0x000000000000008e       0x2c /Applications/microchip/xc32/v4.35/bin/bin/../../lib/gcc/pic32mx/8.3.1/../../../../pic32mx/lib/libc-musl.a(snprintf.o)
 .comment       0x000000000000008e       0x2c /Applications/microchip/xc32/v4.35/bin/bin/../../lib/gcc/pic32mx/8.3.1/../../../../pic32mx/lib/libc-musl.a(sprintf.o)
 .comment       0x000000000000008e       0x2c /Applications/microchip/xc32/v4.35/bin/bin/../../lib/gcc/pic32mx/8.3.1/../../../../pic32mx/lib/libc-musl.a(vsprintf.o)
 .comment       0x000000000000008e       0x2c /Applications/microchip/xc32/v4.35/bin/bin/../../lib/gcc/pic32mx/8.3.1/../../../../pic32mx/lib/libc-musl.a(atoi.o)
 .comment       0x000000000000008e       0x2c /Applications/microchip/xc32/v4.35/bin/bin/../../lib/gcc/pic32mx/8.3.1/../../../../pic32mx/lib/libc-musl.a(strtol.o)
 .comment       0x000000000000008e       0x2c /Applications/microchip/xc32/v4.35/bin/bin/../../lib/gcc/pic32mx/8.3.1/../../../../pic32mx/lib/libc-musl.a(strncpy.o)
 .comment       0x000000000000008e       0x2c /Applications/microchip/xc32/v4.35/bin/bin/../../lib/gcc/pic32mx/8.3.1/../../../../pic32mx/lib/libc-musl.a(intscan.o)
 .comment       0x000000000000008e       0x2c /Applications/microchip/xc32/v4.35/bin/bin/../../lib/gcc/pic32mx/8.3.1/../../../../pic32mx/lib/libc-musl.a(libc.o)
 .comment       0x000000000000008e       0x2c /Applications/microchip/xc32/v4.35/bin/bin/../../lib/gcc/pic32mx/8.3.1/../../../../pic32mx/lib/libc-musl.a(shgetc.o)
 .comment       0x000000000000008e       0x2c /Applications/microchip/xc32/v4.35/bin/bin/../../lib/gcc/pic32mx/8.3.1/../../../../pic32mx/lib/libc-musl.a(__uflow.o)
 .comment       0x000000000000008e       0x2c /Applications/microchip/xc32/v4.35/bin/bin/../../lib/gcc/pic32mx/8.3.1/../../../../pic32mx/lib/libc-musl.a(vfprintf.o)
 .comment       0x000000000000008e       0x2c /Applications/microchip/xc32/v4.35/bin/bin/../../lib/gcc/pic32mx/8.3.1/../../../../pic32mx/lib/libc-musl.a(stpncpy.o)
 .comment       0x000000000000008e       0x2c /Applications/microchip/xc32/v4.35/bin/bin/../../lib/gcc/pic32mx/8.3.1/../../../../pic32mx/lib/libc-musl.a(__toread.o)
 .comment       0x000000000000008e       0x2c /Applications/microchip/xc32/v4.35/bin/bin/../../lib/gcc/pic32mx/8.3.1/../../../../pic32mx/lib/libc-musl.a(__io_fmt_needed.o)
 .comment       0x000000000000008e       0x2c /Applications/microchip/xc32/v4.35/bin/bin/../../lib/gcc/pic32mx/8.3.1/../../../../pic32mx/lib/libc-musl.a(__pop_float.o)
 .comment       0x000000000000008e       0x2c /Applications/microchip/xc32/v4.35/bin/bin/../../lib/gcc/pic32mx/8.3.1/../../../../pic32mx/lib/libc-musl.a(__pop_int.o)
 .comment       0x000000000000008e       0x2c /Applications/microchip/xc32/v4.35/bin/bin/../../lib/gcc/pic32mx/8.3.1/../../../../pic32mx/lib/libc-musl.a(__pop_ptr.o)
 .comment       0x000000000000008e       0x2c /Applications/microchip/xc32/v4.35/bin/bin/../../lib/gcc/pic32mx/8.3.1/../../../../pic32mx/lib/libc-musl.a(__printf_core.o)
 .comment       0x000000000000008e       0x2c /Applications/microchip/xc32/v4.35/bin/bin/../../lib/gcc/pic32mx/8.3.1/../../../../pic32mx/lib/libc-musl.a(__stdio_exit.o)
 .comment       0x000000000000008e       0x2c /Applications/microchip/xc32/v4.35/bin/bin/../../lib/gcc/pic32mx/8.3.1/../../../../pic32mx/lib/libc-musl.a(tolower.o)
 .comment       0x000000000000008e       0x2c /Applications/microchip/xc32/v4.35/bin/bin/../../lib/gcc/pic32mx/8.3.1/../../../../pic32mx/lib/libc-musl.a(__fmt_a.o)
 .comment       0x000000000000008e       0x2c /Applications/microchip/xc32/v4.35/bin/bin/../../lib/gcc/pic32mx/8.3.1/../../../../pic32mx/lib/libc-musl.a(__fmt_d.o)
 .comment       0x000000000000008e       0x2c /Applications/microchip/xc32/v4.35/bin/bin/../../lib/gcc/pic32mx/8.3.1/../../../../pic32mx/lib/libc-musl.a(__fmt_fp.o)
 .comment       0x000000000000008e       0x2c /Applications/microchip/xc32/v4.35/bin/bin/../../lib/gcc/pic32mx/8.3.1/../../../../pic32mx/lib/libc-musl.a(__fmt_o.o)
 .comment       0x000000000000008e       0x2c /Applications/microchip/xc32/v4.35/bin/bin/../../lib/gcc/pic32mx/8.3.1/../../../../pic32mx/lib/libc-musl.a(__fmt_s.o)
 .comment       0x000000000000008e       0x2c /Applications/microchip/xc32/v4.35/bin/bin/../../lib/gcc/pic32mx/8.3.1/../../../../pic32mx/lib/libc-musl.a(__fmt_u.o)
 .comment       0x000000000000008e       0x2c /Applications/microchip/xc32/v4.35/bin/bin/../../lib/gcc/pic32mx/8.3.1/../../../../pic32mx/lib/libc-musl.a(__fmt_x.o)
 .comment       0x000000000000008e       0x2c /Applications/microchip/xc32/v4.35/bin/bin/../../lib/gcc/pic32mx/8.3.1/../../../../pic32mx/lib/libc-musl.a(__cvt_u.o)
 .comment       0x000000000000008e       0x2c /Applications/microchip/xc32/v4.35/bin/bin/../../lib/gcc/pic32mx/8.3.1/../../../../pic32mx/lib/libm-musl.a(fma.o)
 .comment       0x000000000000008e       0x2c /Applications/microchip/xc32/v4.35/bin/bin/../../lib/gcc/pic32mx/8.3.1/../../../../pic32mx/lib/libm-musl.a(scalbn.o)
 .comment       0x000000000000008e       0x2c /Applications/microchip/xc32/v4.35/bin/bin/../../lib/gcc/pic32mx/8.3.1/libgcc.a(_lshrdi3.o)
 .comment       0x000000000000008e       0x2c /Applications/microchip/xc32/v4.35/bin/bin/../../lib/gcc/pic32mx/8.3.1/libgcc.a(_ashldi3.o)
 .comment       0x000000000000008e       0x2c /Applications/microchip/xc32/v4.35/bin/bin/../../lib/gcc/pic32mx/8.3.1/libgcc.a(_floatdidf.o)
 .comment       0x000000000000008e       0x2c /Applications/microchip/xc32/v4.35/bin/bin/../../lib/gcc/pic32mx/8.3.1/libgcc.a(_umoddi3.o)
 .comment       0x000000000000008e       0x2c /Applications/microchip/xc32/v4.35/bin/bin/../../lib/gcc/pic32mx/8.3.1/libgcc.a(floatunsidf.o)
 .comment       0x000000000000008e       0x4b /Applications/microchip/xc32/v4.35/bin/bin/../../lib/gcc/pic32mx/8.3.1/../../../../pic32mx/lib/libpic32.a(sbrk.o)
                                         0x77 (size before relaxing)
 .comment       0x00000000000000d9       0x2c /Applications/microchip/xc32/v4.35/bin/bin/../../lib/gcc/pic32mx/8.3.1/../../../../pic32mx/lib/libpic32.a(errno.o)

.debug
 *.elf(.debug)
 *(.debug)

.line
 *.elf(.line)
 *(.line)

.debug_srcinfo
 *.elf(.debug_srcinfo)
 *(.debug_srcinfo)

.debug_sfnames
 *.elf(.debug_sfnames)
 *(.debug_sfnames)

.debug_aranges  0x0000000000000000     0x2618
 *.elf(.debug_aranges)
 *(.debug_aranges)
 .debug_aranges
                0x0000000000000000       0x40 build/default/production/_ext/1360937237/led.o
 .debug_aranges
                0x0000000000000040       0x58 build/default/production/_ext/1360937237/ssd.o
 .debug_aranges
                0x0000000000000098       0x38 build/default/production/_ext/1360937237/i2c.o
 .debug_aranges
                0x00000000000000d0       0xb0 build/default/production/_ext/1360937237/lcd.o
 .debug_aranges
                0x0000000000000180       0x38 build/default/production/_ext/1360937237/swt.o
 .debug_aranges
                0x00000000000001b8      0x118 build/default/production/_ext/996065237/drv_encx24j600_spi_bus.o
 .debug_aranges
                0x00000000000002d0       0x30 build/default/production/_ext/1600828880/drv_encx24j600_closed_state.o
 .debug_aranges
                0x0000000000000300       0x30 build/default/production/_ext/472602724/drv_encx24j600_initialization_state.o
 .debug_aranges
                0x0000000000000330       0x30 build/default/production/_ext/472602724/drv_encx24j600_configure_state.o
 .debug_aranges
                0x0000000000000360       0x30 build/default/production/_ext/472602724/drv_encx24j600_detect_state.o
 .debug_aranges
                0x0000000000000390       0x30 build/default/production/_ext/472602724/drv_encx24j600_reset_state.o
 .debug_aranges
                0x00000000000003c0       0x30 build/default/production/_ext/1728422854/drv_encx24j600_tx_packet.o
 .debug_aranges
                0x00000000000003f0       0x38 build/default/production/_ext/1728422854/drv_encx24j600_rx_packet.o
 .debug_aranges
                0x0000000000000428       0x30 build/default/production/_ext/999618079/drv_encx24j600_running_state.o
 .debug_aranges
                0x0000000000000458       0x30 build/default/production/_ext/999618079/drv_encx24j600_change_duplex_state.o
 .debug_aranges
                0x0000000000000488       0x30 build/default/production/_ext/999618079/drv_encx24j600_check_int_state.o
 .debug_aranges
                0x00000000000004b8       0x30 build/default/production/_ext/999618079/drv_encx24j600_check_status_state.o
 .debug_aranges
                0x00000000000004e8       0x30 build/default/production/_ext/999618079/drv_encx24j600_check_tx_status_state.o
 .debug_aranges
                0x0000000000000518       0x20 build/default/production/_ext/999618079/drv_encx24j600_reset_rx_state.o
 .debug_aranges
                0x0000000000000538       0xd8 build/default/production/_ext/820865379/drv_encx24j600_api.o
 .debug_aranges
                0x0000000000000610       0x20 build/default/production/_ext/820865379/drv_encx24j600_main_state.o
 .debug_aranges
                0x0000000000000630       0x28 build/default/production/_ext/820865379/drv_encx24j600_utils.o
 .debug_aranges
                0x0000000000000658       0x20 build/default/production/_ext/977502197/drv_spi_tasks.o
 .debug_aranges
                0x0000000000000678       0x28 build/default/production/_ext/977502197/drv_spi_api.o
 .debug_aranges
                0x00000000000006a0       0x28 build/default/production/_ext/977502197/drv_spi_master_ebm_tasks.o
 .debug_aranges
                0x00000000000006c8       0x98 build/default/production/_ext/915312864/drv_spi.o
 .debug_aranges
                0x0000000000000760       0xd8 build/default/production/_ext/2077795248/drv_spi_sys_queue_fifo.o
 .debug_aranges
                0x0000000000000838      0x110 build/default/production/_ext/1298913485/drv_tmr.o
 .debug_aranges
                0x0000000000000948       0xc0 build/default/production/_ext/327000265/drv_usart_mapping.o
 .debug_aranges
                0x0000000000000a08       0xa0 build/default/production/_ext/327000265/drv_usart_static.o
 .debug_aranges
                0x0000000000000aa8       0x48 build/default/production/_ext/327000265/drv_usart_static_buffer_queue.o
 .debug_aranges
                0x0000000000000af0       0x28 build/default/production/_ext/327000265/drv_usart_static_read_write.o
 .debug_aranges
                0x0000000000000b18       0x50 build/default/production/_ext/639803181/sys_clk_pic32mx.o
 .debug_aranges
                0x0000000000000b68       0xd0 build/default/production/_ext/2001008086/sys_command.o
 .debug_aranges
                0x0000000000000c38       0x60 build/default/production/_ext/1544295906/sys_console.o
 .debug_aranges
                0x0000000000000c98       0x60 build/default/production/_ext/1544295906/sys_console_uart.o
 .debug_aranges
                0x0000000000000cf8       0x78 build/default/production/_ext/340578644/sys_devcon.o
 .debug_aranges
                0x0000000000000d70       0x20 build/default/production/_ext/340578644/sys_devcon_pic32mx.o
 .debug_aranges
                0x0000000000000d90       0x48 build/default/production/_ext/1735427962/sys_int_pic32.o
 .debug_aranges
                0x0000000000000dd8      0x148 build/default/production/_ext/822048611/sys_ports_static.o
 .debug_aranges
                0x0000000000000f20       0x38 build/default/production/_ext/327917790/sys_random.o
 .debug_aranges
                0x0000000000000f58       0x38 build/default/production/_ext/68765530/sys_reset.o
 .debug_aranges
                0x0000000000000f90       0xd0 build/default/production/_ext/1417409628/sys_tmr.o
 .debug_aranges
                0x0000000000001060       0x40 build/default/production/_ext/1881663949/helpers.o
 .debug_aranges
                0x00000000000010a0       0xc0 build/default/production/_ext/26143033/ipv4.o
 .debug_aranges
                0x0000000000001160      0x1b8 build/default/production/_ext/26143033/udp.o
 .debug_aranges
                0x0000000000001318       0x48 build/default/production/_ext/26143033/tcpip_heap_alloc.o
 .debug_aranges
                0x0000000000001360       0x68 build/default/production/_ext/26143033/tcpip_heap_internal.o
 .debug_aranges
                0x00000000000013c8      0x110 build/default/production/_ext/26143033/arp.o
 .debug_aranges
                0x00000000000014d8       0x68 build/default/production/_ext/26143033/dns.o
 .debug_aranges
                0x0000000000001540       0x28 build/default/production/_ext/26143033/hash_fnv.o
 .debug_aranges
                0x0000000000001568       0x50 build/default/production/_ext/26143033/oahash.o
 .debug_aranges
                0x00000000000015b8      0x210 build/default/production/_ext/26143033/tcpip_helpers.o
 .debug_aranges
                0x00000000000017c8       0x20 build/default/production/_ext/26143033/tcpip_helper_c32.o
 .debug_aranges
                0x00000000000017e8      0x370 build/default/production/_ext/26143033/tcpip_manager.o
 .debug_aranges
                0x0000000000001b58       0x40 build/default/production/_ext/26143033/tcpip_notify.o
 .debug_aranges
                0x0000000000001b98       0x78 build/default/production/_ext/26143033/tcpip_packet.o
 .debug_aranges
                0x0000000000001c10       0x28 build/default/production/_ext/1688732426/system_init.o
 .debug_aranges
                0x0000000000001c38       0x38 build/default/production/_ext/1688732426/system_interrupt.o
 .debug_aranges
                0x0000000000001c70       0x20 build/default/production/_ext/1688732426/system_tasks.o
 .debug_aranges
                0x0000000000001c90       0x28 build/default/production/_ext/1360937237/app_commands.o
 .debug_aranges
                0x0000000000001cb8       0x40 build/default/production/_ext/1360937237/UDP_app.o
 .debug_aranges
                0x0000000000001cf8       0xc8 build/default/production/_ext/1360937237/main.o
 .debug_aranges
                0x0000000000001dc0       0x28 build/default/production/adc.o
 .debug_aranges
                0x0000000000001de8       0x38 build/default/production/btn.o
 .debug_aranges
                0x0000000000001e20       0x60 build/default/production/mot.o
 .debug_aranges
                0x0000000000001e80       0x38 build/default/production/pmods.o
 .debug_aranges
                0x0000000000001eb8       0x20 /Applications/microchip/xc32/v4.35/bin/bin/../../lib/gcc/pic32mx/8.3.1/libgcc.a(_udivdi3.o)
 .debug_aranges
                0x0000000000001ed8       0x20 /Applications/microchip/xc32/v4.35/bin/bin/../../lib/gcc/pic32mx/8.3.1/libgcc.a(floatunsisf.o)
 .debug_aranges
                0x0000000000001ef8       0x20 /Applications/microchip/xc32/v4.35/bin/bin/../../lib/gcc/pic32mx/8.3.1/../../../../pic32mx/lib/libpic32.a(default-bootstrap-exception-handler.o)
 .debug_aranges
                0x0000000000001f18       0x20 /Applications/microchip/xc32/v4.35/bin/bin/../../lib/gcc/pic32mx/8.3.1/../../../../pic32mx/lib/libpic32.a(default-on-reset.o)
 .debug_aranges
                0x0000000000001f38       0x20 /Applications/microchip/xc32/v4.35/bin/bin/../../lib/gcc/pic32mx/8.3.1/../../../../pic32mx/lib/libpic32.a(default-on-bootstrap.o)
 .debug_aranges
                0x0000000000001f58       0x20 /Applications/microchip/xc32/v4.35/bin/bin/../../lib/gcc/pic32mx/8.3.1/../../../../pic32mx/lib/libpic32.a(default-general-exception-handler.o)
 .debug_aranges
                0x0000000000001f78       0x20 /Applications/microchip/xc32/v4.35/bin/bin/../../lib/gcc/pic32mx/8.3.1/../../../../pic32mx/lib/libpic32.a(defaultinterrupt.o)
 .debug_aranges
                0x0000000000001f98       0x28 /Applications/microchip/xc32/v4.35/bin/bin/../../lib/gcc/pic32mx/8.3.1/../../../../pic32mx/lib/libc-musl.a(isxdigit.o)
 .debug_aranges
                0x0000000000001fc0       0x28 /Applications/microchip/xc32/v4.35/bin/bin/../../lib/gcc/pic32mx/8.3.1/../../../../pic32mx/lib/libc-musl.a(toupper.o)
 .debug_aranges
                0x0000000000001fe8       0x20 /Applications/microchip/xc32/v4.35/bin/bin/../../lib/gcc/pic32mx/8.3.1/../../../../pic32mx/lib/libc-musl.a(calloc.o)
 .debug_aranges
                0x0000000000002008       0x70 /Applications/microchip/xc32/v4.35/bin/bin/../../lib/gcc/pic32mx/8.3.1/../../../../pic32mx/lib/libc-musl.a(malloc.o)
 .debug_aranges
                0x0000000000002078       0x20 /Applications/microchip/xc32/v4.35/bin/bin/../../lib/gcc/pic32mx/8.3.1/../../../../pic32mx/lib/libc-musl.a(expand_heap.o)
 .debug_aranges
                0x0000000000002098       0x28 /Applications/microchip/xc32/v4.35/bin/bin/../../lib/gcc/pic32mx/8.3.1/../../../../pic32mx/lib/libc-musl.a(rand.o)
 .debug_aranges
                0x00000000000020c0       0x20 /Applications/microchip/xc32/v4.35/bin/bin/../../lib/gcc/pic32mx/8.3.1/../../../../pic32mx/lib/libc-musl.a(vsnprintf.o)
 .debug_aranges
                0x00000000000020e0       0x20 /Applications/microchip/xc32/v4.35/bin/bin/../../lib/gcc/pic32mx/8.3.1/../../../../pic32mx/lib/libc-musl.a(snprintf.o)
 .debug_aranges
                0x0000000000002100       0x20 /Applications/microchip/xc32/v4.35/bin/bin/../../lib/gcc/pic32mx/8.3.1/../../../../pic32mx/lib/libc-musl.a(sprintf.o)
 .debug_aranges
                0x0000000000002120       0x20 /Applications/microchip/xc32/v4.35/bin/bin/../../lib/gcc/pic32mx/8.3.1/../../../../pic32mx/lib/libc-musl.a(vsprintf.o)
 .debug_aranges
                0x0000000000002140       0x20 /Applications/microchip/xc32/v4.35/bin/bin/../../lib/gcc/pic32mx/8.3.1/../../../../pic32mx/lib/libc-musl.a(atoi.o)
 .debug_aranges
                0x0000000000002160       0x50 /Applications/microchip/xc32/v4.35/bin/bin/../../lib/gcc/pic32mx/8.3.1/../../../../pic32mx/lib/libc-musl.a(strtol.o)
 .debug_aranges
                0x00000000000021b0       0x20 /Applications/microchip/xc32/v4.35/bin/bin/../../lib/gcc/pic32mx/8.3.1/../../../../pic32mx/lib/libc-musl.a(strncpy.o)
 .debug_aranges
                0x00000000000021d0       0x20 /Applications/microchip/xc32/v4.35/bin/bin/../../lib/gcc/pic32mx/8.3.1/../../../../pic32mx/lib/libc-musl.a(intscan.o)
 .debug_aranges
                0x00000000000021f0       0x18 /Applications/microchip/xc32/v4.35/bin/bin/../../lib/gcc/pic32mx/8.3.1/../../../../pic32mx/lib/libc-musl.a(libc.o)
 .debug_aranges
                0x0000000000002208       0x28 /Applications/microchip/xc32/v4.35/bin/bin/../../lib/gcc/pic32mx/8.3.1/../../../../pic32mx/lib/libc-musl.a(shgetc.o)
 .debug_aranges
                0x0000000000002230       0x20 /Applications/microchip/xc32/v4.35/bin/bin/../../lib/gcc/pic32mx/8.3.1/../../../../pic32mx/lib/libc-musl.a(__uflow.o)
 .debug_aranges
                0x0000000000002250       0x28 /Applications/microchip/xc32/v4.35/bin/bin/../../lib/gcc/pic32mx/8.3.1/../../../../pic32mx/lib/libc-musl.a(vfprintf.o)
 .debug_aranges
                0x0000000000002278       0x20 /Applications/microchip/xc32/v4.35/bin/bin/../../lib/gcc/pic32mx/8.3.1/../../../../pic32mx/lib/libc-musl.a(stpncpy.o)
 .debug_aranges
                0x0000000000002298       0x28 /Applications/microchip/xc32/v4.35/bin/bin/../../lib/gcc/pic32mx/8.3.1/../../../../pic32mx/lib/libc-musl.a(__toread.o)
 .debug_aranges
                0x00000000000022c0       0x20 /Applications/microchip/xc32/v4.35/bin/bin/../../lib/gcc/pic32mx/8.3.1/../../../../pic32mx/lib/libc-musl.a(__io_fmt_needed.o)
 .debug_aranges
                0x00000000000022e0       0x20 /Applications/microchip/xc32/v4.35/bin/bin/../../lib/gcc/pic32mx/8.3.1/../../../../pic32mx/lib/libc-musl.a(__pop_float.o)
 .debug_aranges
                0x0000000000002300       0x20 /Applications/microchip/xc32/v4.35/bin/bin/../../lib/gcc/pic32mx/8.3.1/../../../../pic32mx/lib/libc-musl.a(__pop_int.o)
 .debug_aranges
                0x0000000000002320       0x20 /Applications/microchip/xc32/v4.35/bin/bin/../../lib/gcc/pic32mx/8.3.1/../../../../pic32mx/lib/libc-musl.a(__pop_ptr.o)
 .debug_aranges
                0x0000000000002340       0x50 /Applications/microchip/xc32/v4.35/bin/bin/../../lib/gcc/pic32mx/8.3.1/../../../../pic32mx/lib/libc-musl.a(__printf_core.o)
 .debug_aranges
                0x0000000000002390       0x30 /Applications/microchip/xc32/v4.35/bin/bin/../../lib/gcc/pic32mx/8.3.1/../../../../pic32mx/lib/libc-musl.a(__stdio_exit.o)
 .debug_aranges
                0x00000000000023c0       0x28 /Applications/microchip/xc32/v4.35/bin/bin/../../lib/gcc/pic32mx/8.3.1/../../../../pic32mx/lib/libc-musl.a(tolower.o)
 .debug_aranges
                0x00000000000023e8       0x20 /Applications/microchip/xc32/v4.35/bin/bin/../../lib/gcc/pic32mx/8.3.1/../../../../pic32mx/lib/libc-musl.a(__fmt_a.o)
 .debug_aranges
                0x0000000000002408       0x20 /Applications/microchip/xc32/v4.35/bin/bin/../../lib/gcc/pic32mx/8.3.1/../../../../pic32mx/lib/libc-musl.a(__fmt_d.o)
 .debug_aranges
                0x0000000000002428       0x20 /Applications/microchip/xc32/v4.35/bin/bin/../../lib/gcc/pic32mx/8.3.1/../../../../pic32mx/lib/libc-musl.a(__fmt_fp.o)
 .debug_aranges
                0x0000000000002448       0x20 /Applications/microchip/xc32/v4.35/bin/bin/../../lib/gcc/pic32mx/8.3.1/../../../../pic32mx/lib/libc-musl.a(__fmt_o.o)
 .debug_aranges
                0x0000000000002468       0x20 /Applications/microchip/xc32/v4.35/bin/bin/../../lib/gcc/pic32mx/8.3.1/../../../../pic32mx/lib/libc-musl.a(__fmt_s.o)
 .debug_aranges
                0x0000000000002488       0x20 /Applications/microchip/xc32/v4.35/bin/bin/../../lib/gcc/pic32mx/8.3.1/../../../../pic32mx/lib/libc-musl.a(__fmt_u.o)
 .debug_aranges
                0x00000000000024a8       0x20 /Applications/microchip/xc32/v4.35/bin/bin/../../lib/gcc/pic32mx/8.3.1/../../../../pic32mx/lib/libc-musl.a(__fmt_x.o)
 .debug_aranges
                0x00000000000024c8       0x20 /Applications/microchip/xc32/v4.35/bin/bin/../../lib/gcc/pic32mx/8.3.1/../../../../pic32mx/lib/libc-musl.a(__cvt_u.o)
 .debug_aranges
                0x00000000000024e8       0x30 /Applications/microchip/xc32/v4.35/bin/bin/../../lib/gcc/pic32mx/8.3.1/../../../../pic32mx/lib/libm-musl.a(fma.o)
 .debug_aranges
                0x0000000000002518       0x20 /Applications/microchip/xc32/v4.35/bin/bin/../../lib/gcc/pic32mx/8.3.1/../../../../pic32mx/lib/libm-musl.a(scalbn.o)
 .debug_aranges
                0x0000000000002538       0x20 /Applications/microchip/xc32/v4.35/bin/bin/../../lib/gcc/pic32mx/8.3.1/libgcc.a(_lshrdi3.o)
 .debug_aranges
                0x0000000000002558       0x20 /Applications/microchip/xc32/v4.35/bin/bin/../../lib/gcc/pic32mx/8.3.1/libgcc.a(_ashldi3.o)
 .debug_aranges