14:42:42 **** Incremental Build of configuration Debug for project ZYBO_PROJET_S4 ****
make all 
'Building file: ../src/FIFO_FFT_driver.c'
'Invoking: MicroBlaze gcc compiler'
mb-gcc -Wall -O0 -g3 -c -fmessage-length=0 -MT"src/FIFO_FFT_driver.o" -IC:/Users/cbowlieu/github/Projet-S4/ZYBO/ZYBO_PROJET_S4/VITIS_WORKSPACE/design_1_wrapper/export/design_1_wrapper/sw/design_1_wrapper/standalone_microblaze_0/bspinclude/include -mlittle-endian -mcpu=v11.0 -mxl-soft-mul -Wl,--no-relax -ffunction-sections -fdata-sections -MMD -MP -MF"src/FIFO_FFT_driver.d" -MT"src/FIFO_FFT_driver.o" -o "src/FIFO_FFT_driver.o" "../src/FIFO_FFT_driver.c"
../src/FIFO_FFT_driver.c: In function 'SetupInterruptSystem':
../src/FIFO_FFT_driver.c:42:6: warning: variable 'Status' set but not used [-Wunused-but-set-variable]
   42 |  int Status;
      |      ^~~~~~
'Finished building: ../src/FIFO_FFT_driver.c'
' '
'Building file: ../src/fft.c'
'Invoking: MicroBlaze gcc compiler'
mb-gcc -Wall -O0 -g3 -c -fmessage-length=0 -MT"src/fft.o" -IC:/Users/cbowlieu/github/Projet-S4/ZYBO/ZYBO_PROJET_S4/VITIS_WORKSPACE/design_1_wrapper/export/design_1_wrapper/sw/design_1_wrapper/standalone_microblaze_0/bspinclude/include -mlittle-endian -mcpu=v11.0 -mxl-soft-mul -Wl,--no-relax -ffunction-sections -fdata-sections -MMD -MP -MF"src/fft.d" -MT"src/fft.o" -o "src/fft.o" "../src/fft.c"
../src/fft.c: In function 'initFIFO_FFT':
../src/fft.c:55:6: warning: variable 'Status' set but not used [-Wunused-but-set-variable]
   55 |  int Status;
      |      ^~~~~~
../src/fft.c: In function 'do_forward_FFT':
../src/fft.c:72:6: warning: unused variable 'Status' [-Wunused-variable]
   72 |  int Status = XLlFifoSendData(&FifoInstance, FIFO_FFT_ID, dataToFFT);
      |      ^~~~~~
../src/fft.c: In function 'do_reverse_FFT':
../src/fft.c:92:6: warning: unused variable 'Status' [-Wunused-variable]
   92 |  int Status = XLlFifoSendData(&FifoInstance, FIFO_FFT_ID, dataToiFFT);
      |      ^~~~~~
'Finished building: ../src/fft.c'
' '
'Building file: ../src/main.c'
'Invoking: MicroBlaze gcc compiler'
mb-gcc -Wall -O0 -g3 -c -fmessage-length=0 -MT"src/main.o" -IC:/Users/cbowlieu/github/Projet-S4/ZYBO/ZYBO_PROJET_S4/VITIS_WORKSPACE/design_1_wrapper/export/design_1_wrapper/sw/design_1_wrapper/standalone_microblaze_0/bspinclude/include -mlittle-endian -mcpu=v11.0 -mxl-soft-mul -Wl,--no-relax -ffunction-sections -fdata-sections -MMD -MP -MF"src/main.d" -MT"src/main.o" -o "src/main.o" "../src/main.c"
In file included from ../src/initCodec.h:4,
                 from ../src/main.c:5:
C:/Users/cbowlieu/github/Projet-S4/ZYBO/ZYBO_PROJET_S4/VITIS_WORKSPACE/design_1_wrapper/export/design_1_wrapper/sw/design_1_wrapper/standalone_microblaze_0/bspinclude/include/xbasic_types.h:98:2: warning: #warning The xbasics_type.h file is deprecated and users should use xil_types.h and xil_assert. [-Wcpp]
   98 | #warning  The xbasics_type.h file is deprecated and users should use xil_types.h and xil_assert.
      |  ^~~~~~~
C:/Users/cbowlieu/github/Projet-S4/ZYBO/ZYBO_PROJET_S4/VITIS_WORKSPACE/design_1_wrapper/export/design_1_wrapper/sw/design_1_wrapper/standalone_microblaze_0/bspinclude/include/xbasic_types.h:99:2: warning: #warning Please refer the Standalone BSP UG647 for further details [-Wcpp]
   99 | #warning  Please refer the Standalone BSP UG647 for further details
      |  ^~~~~~~
../src/main.c: In function 'main':
../src/main.c:47:30: warning: passing argument 2 of 'XUartLite_Send' from incompatible pointer type [-Wincompatible-pointer-types]
   47 |    XUartLite_Send(&UartLite, BufferMain , MAX_FFT_LEN*4);
      |                              ^~~~~~~~~~
      |                              |
      |                              u32 * {aka long unsigned int *}
In file included from ../src/uart.h:4,
                 from ../src/main.c:7:
C:/Users/cbowlieu/github/Projet-S4/ZYBO/ZYBO_PROJET_S4/VITIS_WORKSPACE/design_1_wrapper/export/design_1_wrapper/sw/design_1_wrapper/standalone_microblaze_0/bspinclude/include/xuartlite.h:232:57: note: expected 'u8 *' {aka 'unsigned char *'} but argument is of type 'u32 *' {aka 'long unsigned int *'}
  232 | unsigned int XUartLite_Send(XUartLite *InstancePtr, u8 *DataBufferPtr,
      |                                                     ~~~~^~~~~~~~~~~~~
../src/main.c:46:9: warning: unused variable 'premierInt' [-Wunused-variable]
   46 |    u32 *premierInt = (u32 *)(BufferMain);
      |         ^~~~~~~~~~
'Finished building: ../src/main.c'
' '
'Building target: ZYBO_PROJET_S4.elf'
'Invoking: MicroBlaze gcc linker'
mb-gcc -Wl,-T -Wl,../src/lscript.ld -LC:/Users/cbowlieu/github/Projet-S4/ZYBO/ZYBO_PROJET_S4/VITIS_WORKSPACE/design_1_wrapper/export/design_1_wrapper/sw/design_1_wrapper/standalone_microblaze_0/bsplib/lib -mlittle-endian -mcpu=v11.0 -mxl-soft-mul -Wl,--no-relax -Wl,--gc-sections -o "ZYBO_PROJET_S4.elf"  ./src/FIFO_FFT_driver.o ./src/fft.o ./src/gestionAudio.o ./src/initCodec.o ./src/main.o ./src/uart.o   -Wl,--start-group,-lxil,-lgcc,-lc,--end-group
'Finished building target: ZYBO_PROJET_S4.elf'
' '
'Invoking: MicroBlaze Print Size'
mb-size ZYBO_PROJET_S4.elf  |tee "ZYBO_PROJET_S4.elf.size"
   text	   data	    bss	    dec	    hex	filename
  16112	    416	  11768	  28296	   6e88	ZYBO_PROJET_S4.elf
'Finished building: ZYBO_PROJET_S4.elf.size'
' '

14:42:44 Build Finished (took 1s.527ms)

